Archive member included to satisfy reference by file (symbol)

phos.a(serial.o)              echo.o (serial_printf)
phos.a(phos.o)                phos.a(serial.o) (send)
phos.a(mpx-m0.o)              phos.a(phos.o) (setstack)
phos.a(lib.o)                 phos.a(serial.o) (do_print)
phos.a(startup.o)             phos.a(phos.o) (spin)
/usr/local/Cellar/gcc-arm-none-eabi/20171218/bin/../lib/gcc/arm-none-eabi/7.2.1/../../../../arm-none-eabi/lib/thumb/v6-m/libc_nano.a(lib_a-memset.o)
                              phos.a(phos.o) (memset)
/usr/local/Cellar/gcc-arm-none-eabi/20171218/bin/../lib/gcc/arm-none-eabi/7.2.1/../../../../arm-none-eabi/lib/thumb/v6-m/libc_nano.a(lib_a-strlen.o)
                              echo.o (strlen)
/usr/local/Cellar/gcc-arm-none-eabi/20171218/bin/../lib/gcc/arm-none-eabi/7.2.1/../../../../arm-none-eabi/lib/thumb/v6-m/libc_nano.a(lib_a-strncpy.o)
                              phos.a(phos.o) (strncpy)
/usr/local/Cellar/gcc-arm-none-eabi/20171218/bin/../lib/gcc/arm-none-eabi/7.2.1/thumb/v6-m/libgcc.a(_udivsi3.o)
                              phos.a(lib.o) (__aeabi_uidiv)
/usr/local/Cellar/gcc-arm-none-eabi/20171218/bin/../lib/gcc/arm-none-eabi/7.2.1/thumb/v6-m/libgcc.a(_dvmd_tls.o)
                              /usr/local/Cellar/gcc-arm-none-eabi/20171218/bin/../lib/gcc/arm-none-eabi/7.2.1/thumb/v6-m/libgcc.a(_udivsi3.o) (__aeabi_idiv0)

Memory Configuration

Name             Origin             Length             Attributes
FLASH            0x0000000000000000 0x0000000000040000 xr
RAM              0x0000000020000000 0x0000000000004000 xrw
*default*        0x0000000000000000 0xffffffffffffffff

Linker script and memory map

LOAD echo.o
LOAD phos.a
LOAD /usr/local/Cellar/gcc-arm-none-eabi/20171218/bin/../lib/gcc/arm-none-eabi/7.2.1/../../../../arm-none-eabi/lib/thumb/v6-m/libc_nano.a
LOAD /usr/local/Cellar/gcc-arm-none-eabi/20171218/bin/../lib/gcc/arm-none-eabi/7.2.1/thumb/v6-m/libgcc.a

.text           0x0000000000000000     0x1398
 *(.vectors)
 .vectors       0x0000000000000000       0xc0 phos.a(startup.o)
                0x0000000000000000                __vectors
 *(.text*)
 .text          0x00000000000000c0       0x6c echo.o
                0x00000000000000c0                read_line
                0x00000000000000d8                echo_task
                0x0000000000000104                init
 .text          0x000000000000012c      0x390 phos.a(serial.o)
                0x0000000000000154                serial_putc
                0x0000000000000460                serial_printf
                0x0000000000000480                serial_getc
                0x000000000000049a                serial_init
 .text          0x00000000000004bc      0x7a0 phos.a(phos.o)
                0x0000000000000538                exit
                0x0000000000000628                interrupt
                0x000000000000068c                yield
                0x0000000000000690                phos_start
                0x00000000000006ac                send
                0x00000000000006b0                receive
                0x00000000000006b4                sendrec
                0x00000000000006b8                connect
                0x00000000000006bc                setprio
                0x00000000000006c0                dump
                0x00000000000006c4                kprintf
                0x00000000000006f4                panic
                0x0000000000000738                intr_handler
                0x00000000000007a0                hardfault_handler
                0x00000000000007ec                phos_init
                0x0000000000000860                start
                0x0000000000000948                system_call
 .text          0x0000000000000c5c       0x80 phos.a(mpx-m0.o)
                0x0000000000000c5c                setstack
                0x0000000000000c96                svc_handler
                0x0000000000000ca6                phos_interrupt
                0x0000000000000cbc                lock
                0x0000000000000cc8                unlock
                0x0000000000000ccc                restore
 .text          0x0000000000000cdc      0x230 phos.a(lib.o)
                0x0000000000000d2c                f_printc
                0x0000000000000d36                f_storec
                0x0000000000000d40                atoi
                0x0000000000000d80                xtou
                0x0000000000000dba                _do_print
                0x0000000000000ec4                do_print
                0x0000000000000ed8                sprintf
 .text          0x0000000000000f0c      0x154 phos.a(startup.o)
                0x0000000000000f0c                default_handler
                0x0000000000000f0c                spin
                0x0000000000000f54                null
                0x0000000000000f56                __reset
                0x0000000000000fd0                set_priority
                0x0000000000001030                enable_irq
                0x0000000000001040                disable_irq
                0x0000000000001050                clear_pending
 .text          0x0000000000001060        0x0 /usr/local/Cellar/gcc-arm-none-eabi/20171218/bin/../lib/gcc/arm-none-eabi/7.2.1/../../../../arm-none-eabi/lib/thumb/v6-m/libc_nano.a(lib_a-memset.o)
 .text.memset   0x0000000000001060       0x10 /usr/local/Cellar/gcc-arm-none-eabi/20171218/bin/../lib/gcc/arm-none-eabi/7.2.1/../../../../arm-none-eabi/lib/thumb/v6-m/libc_nano.a(lib_a-memset.o)
                0x0000000000001060                memset
 .text          0x0000000000001070        0xe /usr/local/Cellar/gcc-arm-none-eabi/20171218/bin/../lib/gcc/arm-none-eabi/7.2.1/../../../../arm-none-eabi/lib/thumb/v6-m/libc_nano.a(lib_a-strlen.o)
                0x0000000000001070                strlen
 .text          0x000000000000107e        0x0 /usr/local/Cellar/gcc-arm-none-eabi/20171218/bin/../lib/gcc/arm-none-eabi/7.2.1/../../../../arm-none-eabi/lib/thumb/v6-m/libc_nano.a(lib_a-strncpy.o)
 .text.strncpy  0x000000000000107e       0x28 /usr/local/Cellar/gcc-arm-none-eabi/20171218/bin/../lib/gcc/arm-none-eabi/7.2.1/../../../../arm-none-eabi/lib/thumb/v6-m/libc_nano.a(lib_a-strncpy.o)
                0x000000000000107e                strncpy
 *fill*         0x00000000000010a6        0x2 
 .text          0x00000000000010a8      0x114 /usr/local/Cellar/gcc-arm-none-eabi/20171218/bin/../lib/gcc/arm-none-eabi/7.2.1/thumb/v6-m/libgcc.a(_udivsi3.o)
                0x00000000000010a8                __udivsi3
                0x00000000000010a8                __aeabi_uidiv
                0x00000000000011b4                __aeabi_uidivmod
 .text          0x00000000000011bc        0x4 /usr/local/Cellar/gcc-arm-none-eabi/20171218/bin/../lib/gcc/arm-none-eabi/7.2.1/thumb/v6-m/libgcc.a(_dvmd_tls.o)
                0x00000000000011bc                __aeabi_ldiv0
                0x00000000000011bc                __aeabi_idiv0
 *(.rodata*)
 .rodata.str1.4
                0x00000000000011c0       0x1d echo.o
 *fill*         0x00000000000011dd        0x3 
 .rodata.str1.4
                0x00000000000011e0       0x53 phos.a(serial.o)
 *fill*         0x0000000000001233        0x1 
 .rodata        0x0000000000001234       0x20 phos.a(phos.o)
 .rodata.str1.4
                0x0000000000001254       0xd7 phos.a(phos.o)
                                         0xdf (size before relaxing)
 *fill*         0x000000000000132b        0x1 
 .rodata        0x000000000000132c       0x58 phos.a(lib.o)
 .rodata.str1.4
                0x0000000000001384       0x14 phos.a(lib.o)
                                         0x11 (size before relaxing)
                0x0000000000001398                . = ALIGN (0x4)
                0x0000000000001398                __etext = .

.glue_7         0x0000000000001398        0x0
 .glue_7        0x0000000000001398        0x0 linker stubs

.glue_7t        0x0000000000001398        0x0
 .glue_7t       0x0000000000001398        0x0 linker stubs

.vfp11_veneer   0x0000000000001398        0x0
 .vfp11_veneer  0x0000000000001398        0x0 linker stubs

.v4_bx          0x0000000000001398        0x0
 .v4_bx         0x0000000000001398        0x0 linker stubs

.iplt           0x0000000000001398        0x0
 .iplt          0x0000000000001398        0x0 echo.o

.rel.dyn        0x0000000000001398        0x0
 .rel.iplt      0x0000000000001398        0x0 echo.o

.data           0x0000000020000000        0xc load address 0x0000000000001398
                0x0000000020000000                __data_start = .
 *(.data*)
 .data          0x0000000020000000        0x0 echo.o
 .data          0x0000000020000000        0x8 phos.a(serial.o)
 .data          0x0000000020000008        0x4 phos.a(phos.o)
 .data          0x000000002000000c        0x0 phos.a(mpx-m0.o)
 .data          0x000000002000000c        0x0 phos.a(lib.o)
 .data          0x000000002000000c        0x0 phos.a(startup.o)
 .data          0x000000002000000c        0x0 /usr/local/Cellar/gcc-arm-none-eabi/20171218/bin/../lib/gcc/arm-none-eabi/7.2.1/../../../../arm-none-eabi/lib/thumb/v6-m/libc_nano.a(lib_a-memset.o)
 .data          0x000000002000000c        0x0 /usr/local/Cellar/gcc-arm-none-eabi/20171218/bin/../lib/gcc/arm-none-eabi/7.2.1/../../../../arm-none-eabi/lib/thumb/v6-m/libc_nano.a(lib_a-strlen.o)
 .data          0x000000002000000c        0x0 /usr/local/Cellar/gcc-arm-none-eabi/20171218/bin/../lib/gcc/arm-none-eabi/7.2.1/../../../../arm-none-eabi/lib/thumb/v6-m/libc_nano.a(lib_a-strncpy.o)
 .data          0x000000002000000c        0x0 /usr/local/Cellar/gcc-arm-none-eabi/20171218/bin/../lib/gcc/arm-none-eabi/7.2.1/thumb/v6-m/libgcc.a(_udivsi3.o)
 .data          0x000000002000000c        0x0 /usr/local/Cellar/gcc-arm-none-eabi/20171218/bin/../lib/gcc/arm-none-eabi/7.2.1/thumb/v6-m/libgcc.a(_dvmd_tls.o)
                0x000000002000000c                . = ALIGN (0x4)
                0x000000002000000c                __data_end = .

.igot.plt       0x000000002000000c        0x0 load address 0x00000000000013a4
 .igot.plt      0x000000002000000c        0x0 echo.o

.bss            0x000000002000000c      0x584 load address 0x00000000000013a4
                0x000000002000000c                __bss_start = .
 *(.bss*)
 .bss           0x000000002000000c        0x0 echo.o
 .bss           0x000000002000000c      0x11c phos.a(serial.o)
 .bss           0x0000000020000128      0x464 phos.a(phos.o)
 .bss           0x000000002000058c        0x4 phos.a(mpx-m0.o)
 .bss           0x0000000020000590        0x0 phos.a(lib.o)
 .bss           0x0000000020000590        0x0 phos.a(startup.o)
 .bss           0x0000000020000590        0x0 /usr/local/Cellar/gcc-arm-none-eabi/20171218/bin/../lib/gcc/arm-none-eabi/7.2.1/../../../../arm-none-eabi/lib/thumb/v6-m/libc_nano.a(lib_a-memset.o)
 .bss           0x0000000020000590        0x0 /usr/local/Cellar/gcc-arm-none-eabi/20171218/bin/../lib/gcc/arm-none-eabi/7.2.1/../../../../arm-none-eabi/lib/thumb/v6-m/libc_nano.a(lib_a-strlen.o)
 .bss           0x0000000020000590        0x0 /usr/local/Cellar/gcc-arm-none-eabi/20171218/bin/../lib/gcc/arm-none-eabi/7.2.1/../../../../arm-none-eabi/lib/thumb/v6-m/libc_nano.a(lib_a-strncpy.o)
 .bss           0x0000000020000590        0x0 /usr/local/Cellar/gcc-arm-none-eabi/20171218/bin/../lib/gcc/arm-none-eabi/7.2.1/thumb/v6-m/libgcc.a(_udivsi3.o)
 .bss           0x0000000020000590        0x0 /usr/local/Cellar/gcc-arm-none-eabi/20171218/bin/../lib/gcc/arm-none-eabi/7.2.1/thumb/v6-m/libgcc.a(_dvmd_tls.o)
 *(COMMON)
                0x0000000020000590                . = ALIGN (0x4)
                0x0000000020000590                __bss_end = .
                0x0000000020000590                __end = .
                0x0000000020004000                __stack = (ORIGIN (RAM) + LENGTH (RAM))
                0x0000000020003800                __stack_limit = (__stack - 0x800)
                0x0000000000000001                ASSERT ((__stack_limit >= __end), region RAM overlaps with stack)
OUTPUT(echo.elf elf32-littlearm)

.debug_info     0x0000000000000000     0x2f71
 .debug_info    0x0000000000000000      0xa01 echo.o
 .debug_info    0x0000000000000a01      0x5e4 phos.a(serial.o)
 .debug_info    0x0000000000000fe5     0x1865 phos.a(phos.o)
 .debug_info    0x000000000000284a      0x564 phos.a(lib.o)
 .debug_info    0x0000000000002dae      0x1c3 phos.a(startup.o)

.debug_abbrev   0x0000000000000000      0xb9a
 .debug_abbrev  0x0000000000000000      0x21d echo.o
 .debug_abbrev  0x000000000000021d      0x1d9 phos.a(serial.o)
 .debug_abbrev  0x00000000000003f6      0x469 phos.a(phos.o)
 .debug_abbrev  0x000000000000085f      0x228 phos.a(lib.o)
 .debug_abbrev  0x0000000000000a87      0x113 phos.a(startup.o)

.debug_loc      0x0000000000000000     0x1491
 .debug_loc     0x0000000000000000       0x6d echo.o
 .debug_loc     0x000000000000006d      0x12a phos.a(serial.o)
 .debug_loc     0x0000000000000197      0xc7f phos.a(phos.o)
 .debug_loc     0x0000000000000e16      0x5b3 phos.a(lib.o)
 .debug_loc     0x00000000000013c9       0xc8 phos.a(startup.o)

.debug_aranges  0x0000000000000000       0xa0
 .debug_aranges
                0x0000000000000000       0x20 echo.o
 .debug_aranges
                0x0000000000000020       0x20 phos.a(serial.o)
 .debug_aranges
                0x0000000000000040       0x20 phos.a(phos.o)
 .debug_aranges
                0x0000000000000060       0x20 phos.a(lib.o)
 .debug_aranges
                0x0000000000000080       0x20 phos.a(startup.o)

.debug_line     0x0000000000000000      0x7bd
 .debug_line    0x0000000000000000      0x169 echo.o
 .debug_line    0x0000000000000169      0x16f phos.a(serial.o)
 .debug_line    0x00000000000002d8      0x32b phos.a(phos.o)
 .debug_line    0x0000000000000603      0x132 phos.a(lib.o)
 .debug_line    0x0000000000000735       0x88 phos.a(startup.o)

.debug_str      0x0000000000000000      0x93d
 .debug_str     0x0000000000000000      0x4fd echo.o
                                        0x565 (size before relaxing)
 .debug_str     0x00000000000004fd      0x109 phos.a(serial.o)
                                        0x249 (size before relaxing)
 .debug_str     0x0000000000000606      0x21c phos.a(phos.o)
                                        0x823 (size before relaxing)
 .debug_str     0x0000000000000822       0x4c phos.a(lib.o)
                                        0x140 (size before relaxing)
 .debug_str     0x000000000000086e       0xcf phos.a(startup.o)
                                        0x110 (size before relaxing)

.comment        0x0000000000000000       0x9f
 .comment       0x0000000000000000       0x7e echo.o
                                         0x7f (size before relaxing)
 .comment       0x000000000000007e       0x7f phos.a(serial.o)
 .comment       0x000000000000007e       0x7f phos.a(phos.o)
 .comment       0x000000000000007e       0x7f phos.a(lib.o)
 .comment       0x000000000000007e       0x21 phos.a(startup.o)
                                         0x22 (size before relaxing)

.ARM.attributes
                0x0000000000000000       0x2f
 .ARM.attributes
                0x0000000000000000       0x31 echo.o
 .ARM.attributes
                0x0000000000000031       0x31 phos.a(serial.o)
 .ARM.attributes
                0x0000000000000062       0x31 phos.a(phos.o)
 .ARM.attributes
                0x0000000000000093       0x21 phos.a(mpx-m0.o)
 .ARM.attributes
                0x00000000000000b4       0x31 phos.a(lib.o)
 .ARM.attributes
                0x00000000000000e5       0x31 phos.a(startup.o)
 .ARM.attributes
                0x0000000000000116       0x2c /usr/local/Cellar/gcc-arm-none-eabi/20171218/bin/../lib/gcc/arm-none-eabi/7.2.1/../../../../arm-none-eabi/lib/thumb/v6-m/libc_nano.a(lib_a-memset.o)
 .ARM.attributes
                0x0000000000000142       0x1c /usr/local/Cellar/gcc-arm-none-eabi/20171218/bin/../lib/gcc/arm-none-eabi/7.2.1/../../../../arm-none-eabi/lib/thumb/v6-m/libc_nano.a(lib_a-strlen.o)
 .ARM.attributes
                0x000000000000015e       0x2c /usr/local/Cellar/gcc-arm-none-eabi/20171218/bin/../lib/gcc/arm-none-eabi/7.2.1/../../../../arm-none-eabi/lib/thumb/v6-m/libc_nano.a(lib_a-strncpy.o)
 .ARM.attributes
                0x000000000000018a       0x1e /usr/local/Cellar/gcc-arm-none-eabi/20171218/bin/../lib/gcc/arm-none-eabi/7.2.1/thumb/v6-m/libgcc.a(_udivsi3.o)
 .ARM.attributes
                0x00000000000001a8       0x1e /usr/local/Cellar/gcc-arm-none-eabi/20171218/bin/../lib/gcc/arm-none-eabi/7.2.1/thumb/v6-m/libgcc.a(_dvmd_tls.o)

.debug_frame    0x0000000000000000      0x574
 .debug_frame   0x0000000000000000       0x60 echo.o
 .debug_frame   0x0000000000000060       0xf0 phos.a(serial.o)
 .debug_frame   0x0000000000000150      0x228 phos.a(phos.o)
 .debug_frame   0x0000000000000378       0xfc phos.a(lib.o)
 .debug_frame   0x0000000000000474       0x94 phos.a(startup.o)
 .debug_frame   0x0000000000000508       0x20 /usr/local/Cellar/gcc-arm-none-eabi/20171218/bin/../lib/gcc/arm-none-eabi/7.2.1/../../../../arm-none-eabi/lib/thumb/v6-m/libc_nano.a(lib_a-memset.o)
 .debug_frame   0x0000000000000528       0x2c /usr/local/Cellar/gcc-arm-none-eabi/20171218/bin/../lib/gcc/arm-none-eabi/7.2.1/../../../../arm-none-eabi/lib/thumb/v6-m/libc_nano.a(lib_a-strncpy.o)
 .debug_frame   0x0000000000000554       0x20 /usr/local/Cellar/gcc-arm-none-eabi/20171218/bin/../lib/gcc/arm-none-eabi/7.2.1/thumb/v6-m/libgcc.a(_udivsi3.o)

.debug_ranges   0x0000000000000000       0xd0
 .debug_ranges  0x0000000000000000       0x80 phos.a(phos.o)
 .debug_ranges  0x0000000000000080       0x50 phos.a(lib.o)
