Archive member included to satisfy reference by file (symbol)

phos.a(serial.o)              heart.o (serial_printf)
phos.a(timer.o)               heart.o (timer_init)
phos.a(phos.o)                heart.o (send)
phos.a(mpx-m0.o)              phos.a(phos.o) (setstack)
phos.a(lib.o)                 phos.a(serial.o) (do_print)
phos.a(startup.o)             phos.a(phos.o) (spin)
/usr/local/Cellar/gcc-arm-none-eabi/20171218/bin/../lib/gcc/arm-none-eabi/7.2.1/../../../../arm-none-eabi/lib/thumb/v6-m/libc_nano.a(lib_a-memset.o)
                              phos.a(phos.o) (memset)
/usr/local/Cellar/gcc-arm-none-eabi/20171218/bin/../lib/gcc/arm-none-eabi/7.2.1/../../../../arm-none-eabi/lib/thumb/v6-m/libc_nano.a(lib_a-strlen.o)
                              phos.a(phos.o) (strlen)
/usr/local/Cellar/gcc-arm-none-eabi/20171218/bin/../lib/gcc/arm-none-eabi/7.2.1/../../../../arm-none-eabi/lib/thumb/v6-m/libc_nano.a(lib_a-strncpy.o)
                              phos.a(phos.o) (strncpy)
/usr/local/Cellar/gcc-arm-none-eabi/20171218/bin/../lib/gcc/arm-none-eabi/7.2.1/thumb/v6-m/libgcc.a(_udivsi3.o)
                              phos.a(lib.o) (__aeabi_uidiv)
/usr/local/Cellar/gcc-arm-none-eabi/20171218/bin/../lib/gcc/arm-none-eabi/7.2.1/thumb/v6-m/libgcc.a(_divsi3.o)
                              phos.a(timer.o) (__aeabi_idiv)
/usr/local/Cellar/gcc-arm-none-eabi/20171218/bin/../lib/gcc/arm-none-eabi/7.2.1/thumb/v6-m/libgcc.a(_dvmd_tls.o)
                              /usr/local/Cellar/gcc-arm-none-eabi/20171218/bin/../lib/gcc/arm-none-eabi/7.2.1/thumb/v6-m/libgcc.a(_udivsi3.o) (__aeabi_idiv0)

Allocating common symbols
Common symbol       size              file

timer               0x30              phos.a(timer.o)

Memory Configuration

Name             Origin             Length             Attributes
FLASH            0x0000000000000000 0x0000000000040000 xr
RAM              0x0000000020000000 0x0000000000004000 xrw
*default*        0x0000000000000000 0xffffffffffffffff

Linker script and memory map

LOAD heart.o
LOAD phos.a
LOAD /usr/local/Cellar/gcc-arm-none-eabi/20171218/bin/../lib/gcc/arm-none-eabi/7.2.1/../../../../arm-none-eabi/lib/thumb/v6-m/libc_nano.a
LOAD /usr/local/Cellar/gcc-arm-none-eabi/20171218/bin/../lib/gcc/arm-none-eabi/7.2.1/thumb/v6-m/libgcc.a

.text           0x0000000000000000     0x1900
 *(.vectors)
 .vectors       0x0000000000000000       0xc0 phos.a(startup.o)
                0x0000000000000000                __vectors
 *(.text*)
 .text          0x00000000000000c0      0x168 heart.o
                0x0000000000000184                prime
                0x00000000000001bc                prime_task
                0x00000000000001e8                init
 .text          0x0000000000000228      0x390 phos.a(serial.o)
                0x0000000000000250                serial_putc
                0x000000000000055c                serial_printf
                0x000000000000057c                serial_getc
                0x0000000000000596                serial_init
 .text          0x00000000000005b8      0x204 phos.a(timer.o)
                0x00000000000005b8                timer_task
                0x0000000000000744                timer_init
                0x0000000000000778                delay
 .text          0x00000000000007bc      0x7a0 phos.a(phos.o)
                0x0000000000000838                exit
                0x0000000000000928                interrupt
                0x000000000000098c                yield
                0x0000000000000990                phos_start
                0x00000000000009ac                send
                0x00000000000009b0                receive
                0x00000000000009b4                sendrec
                0x00000000000009b8                connect
                0x00000000000009bc                setprio
                0x00000000000009c0                dump
                0x00000000000009c4                kprintf
                0x00000000000009f4                panic
                0x0000000000000a38                intr_handler
                0x0000000000000aa0                hardfault_handler
                0x0000000000000aec                phos_init
                0x0000000000000b60                start
                0x0000000000000c48                system_call
 .text          0x0000000000000f5c       0x80 phos.a(mpx-m0.o)
                0x0000000000000f5c                setstack
                0x0000000000000f96                svc_handler
                0x0000000000000fa6                phos_interrupt
                0x0000000000000fbc                lock
                0x0000000000000fc8                unlock
                0x0000000000000fcc                restore
 .text          0x0000000000000fdc      0x230 phos.a(lib.o)
                0x000000000000102c                f_printc
                0x0000000000001036                f_storec
                0x0000000000001040                atoi
                0x0000000000001080                xtou
                0x00000000000010ba                _do_print
                0x00000000000011c4                do_print
                0x00000000000011d8                sprintf
 .text          0x000000000000120c      0x154 phos.a(startup.o)
                0x000000000000120c                default_handler
                0x000000000000120c                spin
                0x0000000000001254                null
                0x0000000000001256                __reset
                0x00000000000012d0                set_priority
                0x0000000000001330                enable_irq
                0x0000000000001340                disable_irq
                0x0000000000001350                clear_pending
 .text          0x0000000000001360        0x0 /usr/local/Cellar/gcc-arm-none-eabi/20171218/bin/../lib/gcc/arm-none-eabi/7.2.1/../../../../arm-none-eabi/lib/thumb/v6-m/libc_nano.a(lib_a-memset.o)
 .text.memset   0x0000000000001360       0x10 /usr/local/Cellar/gcc-arm-none-eabi/20171218/bin/../lib/gcc/arm-none-eabi/7.2.1/../../../../arm-none-eabi/lib/thumb/v6-m/libc_nano.a(lib_a-memset.o)
                0x0000000000001360                memset
 .text          0x0000000000001370        0xe /usr/local/Cellar/gcc-arm-none-eabi/20171218/bin/../lib/gcc/arm-none-eabi/7.2.1/../../../../arm-none-eabi/lib/thumb/v6-m/libc_nano.a(lib_a-strlen.o)
                0x0000000000001370                strlen
 .text          0x000000000000137e        0x0 /usr/local/Cellar/gcc-arm-none-eabi/20171218/bin/../lib/gcc/arm-none-eabi/7.2.1/../../../../arm-none-eabi/lib/thumb/v6-m/libc_nano.a(lib_a-strncpy.o)
 .text.strncpy  0x000000000000137e       0x28 /usr/local/Cellar/gcc-arm-none-eabi/20171218/bin/../lib/gcc/arm-none-eabi/7.2.1/../../../../arm-none-eabi/lib/thumb/v6-m/libc_nano.a(lib_a-strncpy.o)
                0x000000000000137e                strncpy
 *fill*         0x00000000000013a6        0x2 
 .text          0x00000000000013a8      0x114 /usr/local/Cellar/gcc-arm-none-eabi/20171218/bin/../lib/gcc/arm-none-eabi/7.2.1/thumb/v6-m/libgcc.a(_udivsi3.o)
                0x00000000000013a8                __udivsi3
                0x00000000000013a8                __aeabi_uidiv
                0x00000000000014b4                __aeabi_uidivmod
 .text          0x00000000000014bc      0x1d4 /usr/local/Cellar/gcc-arm-none-eabi/20171218/bin/../lib/gcc/arm-none-eabi/7.2.1/thumb/v6-m/libgcc.a(_divsi3.o)
                0x00000000000014bc                __aeabi_idiv
                0x00000000000014bc                __divsi3
                0x0000000000001688                __aeabi_idivmod
 .text          0x0000000000001690        0x4 /usr/local/Cellar/gcc-arm-none-eabi/20171218/bin/../lib/gcc/arm-none-eabi/7.2.1/thumb/v6-m/libgcc.a(_dvmd_tls.o)
                0x0000000000001690                __aeabi_ldiv0
                0x0000000000001690                __aeabi_idiv0
 *(.rodata*)
 .rodata        0x0000000000001694       0x18 heart.o
 .rodata.str1.4
                0x00000000000016ac       0x62 heart.o
 *fill*         0x000000000000170e        0x2 
 .rodata.str1.4
                0x0000000000001710       0x53 phos.a(serial.o)
 *fill*         0x0000000000001763        0x1 
 .rodata.str1.4
                0x0000000000001764       0x38 phos.a(timer.o)
                                         0x72 (size before relaxing)
 .rodata        0x000000000000179c       0x20 phos.a(phos.o)
 .rodata.str1.4
                0x00000000000017bc       0xd7 phos.a(phos.o)
                                         0xdf (size before relaxing)
 *fill*         0x0000000000001893        0x1 
 .rodata        0x0000000000001894       0x58 phos.a(lib.o)
 .rodata.str1.4
                0x00000000000018ec       0x14 phos.a(lib.o)
                                         0x11 (size before relaxing)
                0x0000000000001900                . = ALIGN (0x4)
                0x0000000000001900                __etext = .

.glue_7         0x0000000000001900        0x0
 .glue_7        0x0000000000001900        0x0 linker stubs

.glue_7t        0x0000000000001900        0x0
 .glue_7t       0x0000000000001900        0x0 linker stubs

.vfp11_veneer   0x0000000000001900        0x0
 .vfp11_veneer  0x0000000000001900        0x0 linker stubs

.v4_bx          0x0000000000001900        0x0
 .v4_bx         0x0000000000001900        0x0 linker stubs

.iplt           0x0000000000001900        0x0
 .iplt          0x0000000000001900        0x0 heart.o

.rel.dyn        0x0000000000001900        0x0
 .rel.iplt      0x0000000000001900        0x0 heart.o

.data           0x0000000020000000        0xc load address 0x0000000000001900
                0x0000000020000000                __data_start = .
 *(.data*)
 .data          0x0000000020000000        0x0 heart.o
 .data          0x0000000020000000        0x8 phos.a(serial.o)
 .data          0x0000000020000008        0x0 phos.a(timer.o)
 .data          0x0000000020000008        0x4 phos.a(phos.o)
 .data          0x000000002000000c        0x0 phos.a(mpx-m0.o)
 .data          0x000000002000000c        0x0 phos.a(lib.o)
 .data          0x000000002000000c        0x0 phos.a(startup.o)
 .data          0x000000002000000c        0x0 /usr/local/Cellar/gcc-arm-none-eabi/20171218/bin/../lib/gcc/arm-none-eabi/7.2.1/../../../../arm-none-eabi/lib/thumb/v6-m/libc_nano.a(lib_a-memset.o)
 .data          0x000000002000000c        0x0 /usr/local/Cellar/gcc-arm-none-eabi/20171218/bin/../lib/gcc/arm-none-eabi/7.2.1/../../../../arm-none-eabi/lib/thumb/v6-m/libc_nano.a(lib_a-strlen.o)
 .data          0x000000002000000c        0x0 /usr/local/Cellar/gcc-arm-none-eabi/20171218/bin/../lib/gcc/arm-none-eabi/7.2.1/../../../../arm-none-eabi/lib/thumb/v6-m/libc_nano.a(lib_a-strncpy.o)
 .data          0x000000002000000c        0x0 /usr/local/Cellar/gcc-arm-none-eabi/20171218/bin/../lib/gcc/arm-none-eabi/7.2.1/thumb/v6-m/libgcc.a(_udivsi3.o)
 .data          0x000000002000000c        0x0 /usr/local/Cellar/gcc-arm-none-eabi/20171218/bin/../lib/gcc/arm-none-eabi/7.2.1/thumb/v6-m/libgcc.a(_divsi3.o)
 .data          0x000000002000000c        0x0 /usr/local/Cellar/gcc-arm-none-eabi/20171218/bin/../lib/gcc/arm-none-eabi/7.2.1/thumb/v6-m/libgcc.a(_dvmd_tls.o)
                0x000000002000000c                . = ALIGN (0x4)
                0x000000002000000c                __data_end = .

.igot.plt       0x000000002000000c        0x0 load address 0x000000000000190c
 .igot.plt      0x000000002000000c        0x0 heart.o

.bss            0x000000002000000c      0x5b8 load address 0x000000000000190c
                0x000000002000000c                __bss_start = .
 *(.bss*)
 .bss           0x000000002000000c        0x0 heart.o
 .bss           0x000000002000000c      0x11c phos.a(serial.o)
 .bss           0x0000000020000128        0x4 phos.a(timer.o)
 .bss           0x000000002000012c      0x464 phos.a(phos.o)
 .bss           0x0000000020000590        0x4 phos.a(mpx-m0.o)
 .bss           0x0000000020000594        0x0 phos.a(lib.o)
 .bss           0x0000000020000594        0x0 phos.a(startup.o)
 .bss           0x0000000020000594        0x0 /usr/local/Cellar/gcc-arm-none-eabi/20171218/bin/../lib/gcc/arm-none-eabi/7.2.1/../../../../arm-none-eabi/lib/thumb/v6-m/libc_nano.a(lib_a-memset.o)
 .bss           0x0000000020000594        0x0 /usr/local/Cellar/gcc-arm-none-eabi/20171218/bin/../lib/gcc/arm-none-eabi/7.2.1/../../../../arm-none-eabi/lib/thumb/v6-m/libc_nano.a(lib_a-strlen.o)
 .bss           0x0000000020000594        0x0 /usr/local/Cellar/gcc-arm-none-eabi/20171218/bin/../lib/gcc/arm-none-eabi/7.2.1/../../../../arm-none-eabi/lib/thumb/v6-m/libc_nano.a(lib_a-strncpy.o)
 .bss           0x0000000020000594        0x0 /usr/local/Cellar/gcc-arm-none-eabi/20171218/bin/../lib/gcc/arm-none-eabi/7.2.1/thumb/v6-m/libgcc.a(_udivsi3.o)
 .bss           0x0000000020000594        0x0 /usr/local/Cellar/gcc-arm-none-eabi/20171218/bin/../lib/gcc/arm-none-eabi/7.2.1/thumb/v6-m/libgcc.a(_divsi3.o)
 .bss           0x0000000020000594        0x0 /usr/local/Cellar/gcc-arm-none-eabi/20171218/bin/../lib/gcc/arm-none-eabi/7.2.1/thumb/v6-m/libgcc.a(_dvmd_tls.o)
 *(COMMON)
 COMMON         0x0000000020000594       0x30 phos.a(timer.o)
                0x0000000020000594                timer
                0x00000000200005c4                . = ALIGN (0x4)
                0x00000000200005c4                __bss_end = .
                0x00000000200005c4                __end = .
                0x0000000020004000                __stack = (ORIGIN (RAM) + LENGTH (RAM))
                0x0000000020003800                __stack_limit = (__stack - 0x800)
                0x0000000000000001                ASSERT ((__stack_limit >= __end), region RAM overlaps with stack)
OUTPUT(heart.elf elf32-littlearm)

.debug_info     0x0000000000000000     0x2e01
 .debug_info    0x0000000000000000      0x480 heart.o
 .debug_info    0x0000000000000480      0x5e4 phos.a(serial.o)
 .debug_info    0x0000000000000a64      0x411 phos.a(timer.o)
 .debug_info    0x0000000000000e75     0x1865 phos.a(phos.o)
 .debug_info    0x00000000000026da      0x564 phos.a(lib.o)
 .debug_info    0x0000000000002c3e      0x1c3 phos.a(startup.o)

.debug_abbrev   0x0000000000000000      0xcf4
 .debug_abbrev  0x0000000000000000      0x1a9 heart.o
 .debug_abbrev  0x00000000000001a9      0x1d9 phos.a(serial.o)
 .debug_abbrev  0x0000000000000382      0x1ce phos.a(timer.o)
 .debug_abbrev  0x0000000000000550      0x469 phos.a(phos.o)
 .debug_abbrev  0x00000000000009b9      0x228 phos.a(lib.o)
 .debug_abbrev  0x0000000000000be1      0x113 phos.a(startup.o)

.debug_loc      0x0000000000000000     0x16cf
 .debug_loc     0x0000000000000000      0x13f heart.o
 .debug_loc     0x000000000000013f      0x12a phos.a(serial.o)
 .debug_loc     0x0000000000000269      0x16c phos.a(timer.o)
 .debug_loc     0x00000000000003d5      0xc7f phos.a(phos.o)
 .debug_loc     0x0000000000001054      0x5b3 phos.a(lib.o)
 .debug_loc     0x0000000000001607       0xc8 phos.a(startup.o)

.debug_aranges  0x0000000000000000       0xc0
 .debug_aranges
                0x0000000000000000       0x20 heart.o
 .debug_aranges
                0x0000000000000020       0x20 phos.a(serial.o)
 .debug_aranges
                0x0000000000000040       0x20 phos.a(timer.o)
 .debug_aranges
                0x0000000000000060       0x20 phos.a(phos.o)
 .debug_aranges
                0x0000000000000080       0x20 phos.a(lib.o)
 .debug_aranges
                0x00000000000000a0       0x20 phos.a(startup.o)

.debug_line     0x0000000000000000      0x795
 .debug_line    0x0000000000000000       0x9a heart.o
 .debug_line    0x000000000000009a      0x16f phos.a(serial.o)
 .debug_line    0x0000000000000209       0xa7 phos.a(timer.o)
 .debug_line    0x00000000000002b0      0x32b phos.a(phos.o)
 .debug_line    0x00000000000005db      0x132 phos.a(lib.o)
 .debug_line    0x000000000000070d       0x88 phos.a(startup.o)

.debug_str      0x0000000000000000      0x9b5
 .debug_str     0x0000000000000000      0x16b heart.o
                                        0x1ab (size before relaxing)
 .debug_str     0x000000000000016b       0xdc phos.a(serial.o)
                                        0x249 (size before relaxing)
 .debug_str     0x0000000000000247       0xa5 phos.a(timer.o)
                                        0x181 (size before relaxing)
 .debug_str     0x00000000000002ec      0x611 phos.a(phos.o)
                                        0x823 (size before relaxing)
 .debug_str     0x00000000000008fd       0x4c phos.a(lib.o)
                                        0x140 (size before relaxing)
 .debug_str     0x0000000000000949       0x6c phos.a(startup.o)
                                        0x110 (size before relaxing)

.comment        0x0000000000000000       0x9f
 .comment       0x0000000000000000       0x7e heart.o
                                         0x7f (size before relaxing)
 .comment       0x000000000000007e       0x7f phos.a(serial.o)
 .comment       0x000000000000007e       0x21 phos.a(timer.o)
                                         0x22 (size before relaxing)
 .comment       0x000000000000009f       0x7f phos.a(phos.o)
 .comment       0x000000000000009f       0x7f phos.a(lib.o)
 .comment       0x000000000000009f       0x22 phos.a(startup.o)

.ARM.attributes
                0x0000000000000000       0x2f
 .ARM.attributes
                0x0000000000000000       0x31 heart.o
 .ARM.attributes
                0x0000000000000031       0x31 phos.a(serial.o)
 .ARM.attributes
                0x0000000000000062       0x31 phos.a(timer.o)
 .ARM.attributes
                0x0000000000000093       0x31 phos.a(phos.o)
 .ARM.attributes
                0x00000000000000c4       0x21 phos.a(mpx-m0.o)
 .ARM.attributes
                0x00000000000000e5       0x31 phos.a(lib.o)
 .ARM.attributes
                0x0000000000000116       0x31 phos.a(startup.o)
 .ARM.attributes
                0x0000000000000147       0x2c /usr/local/Cellar/gcc-arm-none-eabi/20171218/bin/../lib/gcc/arm-none-eabi/7.2.1/../../../../arm-none-eabi/lib/thumb/v6-m/libc_nano.a(lib_a-memset.o)
 .ARM.attributes
                0x0000000000000173       0x1c /usr/local/Cellar/gcc-arm-none-eabi/20171218/bin/../lib/gcc/arm-none-eabi/7.2.1/../../../../arm-none-eabi/lib/thumb/v6-m/libc_nano.a(lib_a-strlen.o)
 .ARM.attributes
                0x000000000000018f       0x2c /usr/local/Cellar/gcc-arm-none-eabi/20171218/bin/../lib/gcc/arm-none-eabi/7.2.1/../../../../arm-none-eabi/lib/thumb/v6-m/libc_nano.a(lib_a-strncpy.o)
 .ARM.attributes
                0x00000000000001bb       0x1e /usr/local/Cellar/gcc-arm-none-eabi/20171218/bin/../lib/gcc/arm-none-eabi/7.2.1/thumb/v6-m/libgcc.a(_udivsi3.o)
 .ARM.attributes
                0x00000000000001d9       0x1e /usr/local/Cellar/gcc-arm-none-eabi/20171218/bin/../lib/gcc/arm-none-eabi/7.2.1/thumb/v6-m/libgcc.a(_divsi3.o)
 .ARM.attributes
                0x00000000000001f7       0x1e /usr/local/Cellar/gcc-arm-none-eabi/20171218/bin/../lib/gcc/arm-none-eabi/7.2.1/thumb/v6-m/libgcc.a(_dvmd_tls.o)

.debug_frame    0x0000000000000000      0x640
 .debug_frame   0x0000000000000000       0xa0 heart.o
 .debug_frame   0x00000000000000a0       0xf0 phos.a(serial.o)
 .debug_frame   0x0000000000000190       0x6c phos.a(timer.o)
 .debug_frame   0x00000000000001fc      0x228 phos.a(phos.o)
 .debug_frame   0x0000000000000424       0xfc phos.a(lib.o)
 .debug_frame   0x0000000000000520       0x94 phos.a(startup.o)
 .debug_frame   0x00000000000005b4       0x20 /usr/local/Cellar/gcc-arm-none-eabi/20171218/bin/../lib/gcc/arm-none-eabi/7.2.1/../../../../arm-none-eabi/lib/thumb/v6-m/libc_nano.a(lib_a-memset.o)
 .debug_frame   0x00000000000005d4       0x2c /usr/local/Cellar/gcc-arm-none-eabi/20171218/bin/../lib/gcc/arm-none-eabi/7.2.1/../../../../arm-none-eabi/lib/thumb/v6-m/libc_nano.a(lib_a-strncpy.o)
 .debug_frame   0x0000000000000600       0x20 /usr/local/Cellar/gcc-arm-none-eabi/20171218/bin/../lib/gcc/arm-none-eabi/7.2.1/thumb/v6-m/libgcc.a(_udivsi3.o)
 .debug_frame   0x0000000000000620       0x20 /usr/local/Cellar/gcc-arm-none-eabi/20171218/bin/../lib/gcc/arm-none-eabi/7.2.1/thumb/v6-m/libgcc.a(_divsi3.o)

.debug_ranges   0x0000000000000000       0xe8
 .debug_ranges  0x0000000000000000       0x18 phos.a(timer.o)
 .debug_ranges  0x0000000000000018       0x80 phos.a(phos.o)
 .debug_ranges  0x0000000000000098       0x50 phos.a(lib.o)
