Archive member included to satisfy reference by file (symbol)

phos.a(serial.o)              today2.o (serial_putc)
phos.a(phos.o)                today2.o (send)
phos.a(mpx-m0.o)              phos.a(phos.o) (setstack)
phos.a(lib.o)                 phos.a(serial.o) (do_print)
phos.a(startup.o)             phos.a(phos.o) (spin)
/usr/local/Cellar/gcc-arm-none-eabi/20171218/bin/../lib/gcc/arm-none-eabi/7.2.1/../../../../arm-none-eabi/lib/thumb/v6-m/libc_nano.a(lib_a-memset.o)
                              phos.a(phos.o) (memset)
/usr/local/Cellar/gcc-arm-none-eabi/20171218/bin/../lib/gcc/arm-none-eabi/7.2.1/../../../../arm-none-eabi/lib/thumb/v6-m/libc_nano.a(lib_a-strlen.o)
                              phos.a(phos.o) (strlen)
/usr/local/Cellar/gcc-arm-none-eabi/20171218/bin/../lib/gcc/arm-none-eabi/7.2.1/../../../../arm-none-eabi/lib/thumb/v6-m/libc_nano.a(lib_a-strncpy.o)
                              phos.a(phos.o) (strncpy)
/usr/local/Cellar/gcc-arm-none-eabi/20171218/bin/../lib/gcc/arm-none-eabi/7.2.1/thumb/v6-m/libgcc.a(_udivsi3.o)
                              phos.a(lib.o) (__aeabi_uidiv)
/usr/local/Cellar/gcc-arm-none-eabi/20171218/bin/../lib/gcc/arm-none-eabi/7.2.1/thumb/v6-m/libgcc.a(_dvmd_tls.o)
                              /usr/local/Cellar/gcc-arm-none-eabi/20171218/bin/../lib/gcc/arm-none-eabi/7.2.1/thumb/v6-m/libgcc.a(_udivsi3.o) (__aeabi_idiv0)

Memory Configuration

Name             Origin             Length             Attributes
FLASH            0x0000000000000000 0x0000000000040000 xr
RAM              0x0000000020000000 0x0000000000004000 xrw
*default*        0x0000000000000000 0xffffffffffffffff

Linker script and memory map

LOAD today2.o
LOAD phos.a
LOAD /usr/local/Cellar/gcc-arm-none-eabi/20171218/bin/../lib/gcc/arm-none-eabi/7.2.1/../../../../arm-none-eabi/lib/thumb/v6-m/libc_nano.a
LOAD /usr/local/Cellar/gcc-arm-none-eabi/20171218/bin/../lib/gcc/arm-none-eabi/7.2.1/thumb/v6-m/libgcc.a

.text           0x0000000000000000     0x13e8
 *(.vectors)
 .vectors       0x0000000000000000       0xc0 phos.a(startup.o)
                0x0000000000000000                __vectors
 *(.text*)
 .text          0x00000000000000c0       0x94 today2.o
                0x00000000000000c0                put_string
                0x00000000000000d8                process
                0x0000000000000118                init
 .text          0x0000000000000154      0x390 phos.a(serial.o)
                0x000000000000017c                serial_putc
                0x0000000000000488                serial_printf
                0x00000000000004a8                serial_getc
                0x00000000000004c2                serial_init
 .text          0x00000000000004e4      0x7a0 phos.a(phos.o)
                0x0000000000000560                exit
                0x0000000000000650                interrupt
                0x00000000000006b4                yield
                0x00000000000006b8                phos_start
                0x00000000000006d4                send
                0x00000000000006d8                receive
                0x00000000000006dc                sendrec
                0x00000000000006e0                connect
                0x00000000000006e4                setprio
                0x00000000000006e8                dump
                0x00000000000006ec                kprintf
                0x000000000000071c                panic
                0x0000000000000760                intr_handler
                0x00000000000007c8                hardfault_handler
                0x0000000000000814                phos_init
                0x0000000000000888                start
                0x0000000000000970                system_call
 .text          0x0000000000000c84       0x80 phos.a(mpx-m0.o)
                0x0000000000000c84                setstack
                0x0000000000000cbe                svc_handler
                0x0000000000000cce                phos_interrupt
                0x0000000000000ce4                lock
                0x0000000000000cf0                unlock
                0x0000000000000cf4                restore
 .text          0x0000000000000d04      0x230 phos.a(lib.o)
                0x0000000000000d54                f_printc
                0x0000000000000d5e                f_storec
                0x0000000000000d68                atoi
                0x0000000000000da8                xtou
                0x0000000000000de2                _do_print
                0x0000000000000eec                do_print
                0x0000000000000f00                sprintf
 .text          0x0000000000000f34      0x154 phos.a(startup.o)
                0x0000000000000f34                default_handler
                0x0000000000000f34                spin
                0x0000000000000f7c                null
                0x0000000000000f7e                __reset
                0x0000000000000ff8                set_priority
                0x0000000000001058                enable_irq
                0x0000000000001068                disable_irq
                0x0000000000001078                clear_pending
 .text          0x0000000000001088        0x0 /usr/local/Cellar/gcc-arm-none-eabi/20171218/bin/../lib/gcc/arm-none-eabi/7.2.1/../../../../arm-none-eabi/lib/thumb/v6-m/libc_nano.a(lib_a-memset.o)
 .text.memset   0x0000000000001088       0x10 /usr/local/Cellar/gcc-arm-none-eabi/20171218/bin/../lib/gcc/arm-none-eabi/7.2.1/../../../../arm-none-eabi/lib/thumb/v6-m/libc_nano.a(lib_a-memset.o)
                0x0000000000001088                memset
 .text          0x0000000000001098        0xe /usr/local/Cellar/gcc-arm-none-eabi/20171218/bin/../lib/gcc/arm-none-eabi/7.2.1/../../../../arm-none-eabi/lib/thumb/v6-m/libc_nano.a(lib_a-strlen.o)
                0x0000000000001098                strlen
 .text          0x00000000000010a6        0x0 /usr/local/Cellar/gcc-arm-none-eabi/20171218/bin/../lib/gcc/arm-none-eabi/7.2.1/../../../../arm-none-eabi/lib/thumb/v6-m/libc_nano.a(lib_a-strncpy.o)
 .text.strncpy  0x00000000000010a6       0x28 /usr/local/Cellar/gcc-arm-none-eabi/20171218/bin/../lib/gcc/arm-none-eabi/7.2.1/../../../../arm-none-eabi/lib/thumb/v6-m/libc_nano.a(lib_a-strncpy.o)
                0x00000000000010a6                strncpy
 *fill*         0x00000000000010ce        0x2 
 .text          0x00000000000010d0      0x114 /usr/local/Cellar/gcc-arm-none-eabi/20171218/bin/../lib/gcc/arm-none-eabi/7.2.1/thumb/v6-m/libgcc.a(_udivsi3.o)
                0x00000000000010d0                __udivsi3
                0x00000000000010d0                __aeabi_uidiv
                0x00000000000011dc                __aeabi_uidivmod
 .text          0x00000000000011e4        0x4 /usr/local/Cellar/gcc-arm-none-eabi/20171218/bin/../lib/gcc/arm-none-eabi/7.2.1/thumb/v6-m/libgcc.a(_dvmd_tls.o)
                0x00000000000011e4                __aeabi_ldiv0
                0x00000000000011e4                __aeabi_idiv0
 *(.rodata*)
 .rodata.str1.4
                0x00000000000011e8       0x46 today2.o
 *fill*         0x000000000000122e        0x2 
 .rodata.str1.4
                0x0000000000001230       0x53 phos.a(serial.o)
 *fill*         0x0000000000001283        0x1 
 .rodata        0x0000000000001284       0x20 phos.a(phos.o)
 .rodata.str1.4
                0x00000000000012a4       0xd7 phos.a(phos.o)
                                         0xdf (size before relaxing)
 *fill*         0x000000000000137b        0x1 
 .rodata        0x000000000000137c       0x58 phos.a(lib.o)
 .rodata.str1.4
                0x00000000000013d4       0x14 phos.a(lib.o)
                                         0x11 (size before relaxing)
                0x00000000000013e8                . = ALIGN (0x4)
                0x00000000000013e8                __etext = .

.glue_7         0x00000000000013e8        0x0
 .glue_7        0x00000000000013e8        0x0 linker stubs

.glue_7t        0x00000000000013e8        0x0
 .glue_7t       0x00000000000013e8        0x0 linker stubs

.vfp11_veneer   0x00000000000013e8        0x0
 .vfp11_veneer  0x00000000000013e8        0x0 linker stubs

.v4_bx          0x00000000000013e8        0x0
 .v4_bx         0x00000000000013e8        0x0 linker stubs

.iplt           0x00000000000013e8        0x0
 .iplt          0x00000000000013e8        0x0 today2.o

.rel.dyn        0x00000000000013e8        0x0
 .rel.iplt      0x00000000000013e8        0x0 today2.o

.data           0x0000000020000000       0x14 load address 0x00000000000013e8
                0x0000000020000000                __data_start = .
 *(.data*)
 .data          0x0000000020000000        0x8 today2.o
                0x0000000020000000                slogan
 .data          0x0000000020000008        0x8 phos.a(serial.o)
 .data          0x0000000020000010        0x4 phos.a(phos.o)
 .data          0x0000000020000014        0x0 phos.a(mpx-m0.o)
 .data          0x0000000020000014        0x0 phos.a(lib.o)
 .data          0x0000000020000014        0x0 phos.a(startup.o)
 .data          0x0000000020000014        0x0 /usr/local/Cellar/gcc-arm-none-eabi/20171218/bin/../lib/gcc/arm-none-eabi/7.2.1/../../../../arm-none-eabi/lib/thumb/v6-m/libc_nano.a(lib_a-memset.o)
 .data          0x0000000020000014        0x0 /usr/local/Cellar/gcc-arm-none-eabi/20171218/bin/../lib/gcc/arm-none-eabi/7.2.1/../../../../arm-none-eabi/lib/thumb/v6-m/libc_nano.a(lib_a-strlen.o)
 .data          0x0000000020000014        0x0 /usr/local/Cellar/gcc-arm-none-eabi/20171218/bin/../lib/gcc/arm-none-eabi/7.2.1/../../../../arm-none-eabi/lib/thumb/v6-m/libc_nano.a(lib_a-strncpy.o)
 .data          0x0000000020000014        0x0 /usr/local/Cellar/gcc-arm-none-eabi/20171218/bin/../lib/gcc/arm-none-eabi/7.2.1/thumb/v6-m/libgcc.a(_udivsi3.o)
 .data          0x0000000020000014        0x0 /usr/local/Cellar/gcc-arm-none-eabi/20171218/bin/../lib/gcc/arm-none-eabi/7.2.1/thumb/v6-m/libgcc.a(_dvmd_tls.o)
                0x0000000020000014                . = ALIGN (0x4)
                0x0000000020000014                __data_end = .

.igot.plt       0x0000000020000014        0x0 load address 0x00000000000013fc
 .igot.plt      0x0000000020000014        0x0 today2.o

.bss            0x0000000020000014      0x584 load address 0x00000000000013fc
                0x0000000020000014                __bss_start = .
 *(.bss*)
 .bss           0x0000000020000014        0x0 today2.o
 .bss           0x0000000020000014      0x11c phos.a(serial.o)
 .bss           0x0000000020000130      0x464 phos.a(phos.o)
 .bss           0x0000000020000594        0x4 phos.a(mpx-m0.o)
 .bss           0x0000000020000598        0x0 phos.a(lib.o)
 .bss           0x0000000020000598        0x0 phos.a(startup.o)
 .bss           0x0000000020000598        0x0 /usr/local/Cellar/gcc-arm-none-eabi/20171218/bin/../lib/gcc/arm-none-eabi/7.2.1/../../../../arm-none-eabi/lib/thumb/v6-m/libc_nano.a(lib_a-memset.o)
 .bss           0x0000000020000598        0x0 /usr/local/Cellar/gcc-arm-none-eabi/20171218/bin/../lib/gcc/arm-none-eabi/7.2.1/../../../../arm-none-eabi/lib/thumb/v6-m/libc_nano.a(lib_a-strlen.o)
 .bss           0x0000000020000598        0x0 /usr/local/Cellar/gcc-arm-none-eabi/20171218/bin/../lib/gcc/arm-none-eabi/7.2.1/../../../../arm-none-eabi/lib/thumb/v6-m/libc_nano.a(lib_a-strncpy.o)
 .bss           0x0000000020000598        0x0 /usr/local/Cellar/gcc-arm-none-eabi/20171218/bin/../lib/gcc/arm-none-eabi/7.2.1/thumb/v6-m/libgcc.a(_udivsi3.o)
 .bss           0x0000000020000598        0x0 /usr/local/Cellar/gcc-arm-none-eabi/20171218/bin/../lib/gcc/arm-none-eabi/7.2.1/thumb/v6-m/libgcc.a(_dvmd_tls.o)
 *(COMMON)
                0x0000000020000598                . = ALIGN (0x4)
                0x0000000020000598                __bss_end = .
                0x0000000020000598                __end = .
                0x0000000020004000                __stack = (ORIGIN (RAM) + LENGTH (RAM))
                0x0000000020003800                __stack_limit = (__stack - 0x800)
                0x0000000000000001                ASSERT ((__stack_limit >= __end), region RAM overlaps with stack)
OUTPUT(today2.elf elf32-littlearm)

.debug_info     0x0000000000000000     0x3054
 .debug_info    0x0000000000000000      0xae4 today2.o
 .debug_info    0x0000000000000ae4      0x5e4 phos.a(serial.o)
 .debug_info    0x00000000000010c8     0x1865 phos.a(phos.o)
 .debug_info    0x000000000000292d      0x564 phos.a(lib.o)
 .debug_info    0x0000000000002e91      0x1c3 phos.a(startup.o)

.debug_abbrev   0x0000000000000000      0xba9
 .debug_abbrev  0x0000000000000000      0x22c today2.o
 .debug_abbrev  0x000000000000022c      0x1d9 phos.a(serial.o)
 .debug_abbrev  0x0000000000000405      0x469 phos.a(phos.o)
 .debug_abbrev  0x000000000000086e      0x228 phos.a(lib.o)
 .debug_abbrev  0x0000000000000a96      0x113 phos.a(startup.o)

.debug_loc      0x0000000000000000     0x148c
 .debug_loc     0x0000000000000000       0x68 today2.o
 .debug_loc     0x0000000000000068      0x12a phos.a(serial.o)
 .debug_loc     0x0000000000000192      0xc7f phos.a(phos.o)
 .debug_loc     0x0000000000000e11      0x5b3 phos.a(lib.o)
 .debug_loc     0x00000000000013c4       0xc8 phos.a(startup.o)

.debug_aranges  0x0000000000000000       0xa0
 .debug_aranges
                0x0000000000000000       0x20 today2.o
 .debug_aranges
                0x0000000000000020       0x20 phos.a(serial.o)
 .debug_aranges
                0x0000000000000040       0x20 phos.a(phos.o)
 .debug_aranges
                0x0000000000000060       0x20 phos.a(lib.o)
 .debug_aranges
                0x0000000000000080       0x20 phos.a(startup.o)

.debug_line     0x0000000000000000      0x72f
 .debug_line    0x0000000000000000       0xdb today2.o
 .debug_line    0x00000000000000db      0x16f phos.a(serial.o)
 .debug_line    0x000000000000024a      0x32b phos.a(phos.o)
 .debug_line    0x0000000000000575      0x132 phos.a(lib.o)
 .debug_line    0x00000000000006a7       0x88 phos.a(startup.o)

.debug_str      0x0000000000000000      0x957
 .debug_str     0x0000000000000000      0x4ed today2.o
                                        0x56d (size before relaxing)
 .debug_str     0x00000000000004ed      0x180 phos.a(serial.o)
                                        0x249 (size before relaxing)
 .debug_str     0x000000000000066d      0x232 phos.a(phos.o)
                                        0x823 (size before relaxing)
 .debug_str     0x000000000000089f       0x4c phos.a(lib.o)
                                        0x140 (size before relaxing)
 .debug_str     0x00000000000008eb       0x6c phos.a(startup.o)
                                        0x110 (size before relaxing)

.comment        0x0000000000000000       0x9f
 .comment       0x0000000000000000       0x21 today2.o
                                         0x22 (size before relaxing)
 .comment       0x0000000000000021       0x7e phos.a(serial.o)
                                         0x7f (size before relaxing)
 .comment       0x000000000000009f       0x7f phos.a(phos.o)
 .comment       0x000000000000009f       0x7f phos.a(lib.o)
 .comment       0x000000000000009f       0x22 phos.a(startup.o)

.ARM.attributes
                0x0000000000000000       0x2f
 .ARM.attributes
                0x0000000000000000       0x31 today2.o
 .ARM.attributes
                0x0000000000000031       0x31 phos.a(serial.o)
 .ARM.attributes
                0x0000000000000062       0x31 phos.a(phos.o)
 .ARM.attributes
                0x0000000000000093       0x21 phos.a(mpx-m0.o)
 .ARM.attributes
                0x00000000000000b4       0x31 phos.a(lib.o)
 .ARM.attributes
                0x00000000000000e5       0x31 phos.a(startup.o)
 .ARM.attributes
                0x0000000000000116       0x2c /usr/local/Cellar/gcc-arm-none-eabi/20171218/bin/../lib/gcc/arm-none-eabi/7.2.1/../../../../arm-none-eabi/lib/thumb/v6-m/libc_nano.a(lib_a-memset.o)
 .ARM.attributes
                0x0000000000000142       0x1c /usr/local/Cellar/gcc-arm-none-eabi/20171218/bin/../lib/gcc/arm-none-eabi/7.2.1/../../../../arm-none-eabi/lib/thumb/v6-m/libc_nano.a(lib_a-strlen.o)
 .ARM.attributes
                0x000000000000015e       0x2c /usr/local/Cellar/gcc-arm-none-eabi/20171218/bin/../lib/gcc/arm-none-eabi/7.2.1/../../../../arm-none-eabi/lib/thumb/v6-m/libc_nano.a(lib_a-strncpy.o)
 .ARM.attributes
                0x000000000000018a       0x1e /usr/local/Cellar/gcc-arm-none-eabi/20171218/bin/../lib/gcc/arm-none-eabi/7.2.1/thumb/v6-m/libgcc.a(_udivsi3.o)
 .ARM.attributes
                0x00000000000001a8       0x1e /usr/local/Cellar/gcc-arm-none-eabi/20171218/bin/../lib/gcc/arm-none-eabi/7.2.1/thumb/v6-m/libgcc.a(_dvmd_tls.o)

.debug_frame    0x0000000000000000      0x578
 .debug_frame   0x0000000000000000       0x64 today2.o
 .debug_frame   0x0000000000000064       0xf0 phos.a(serial.o)
 .debug_frame   0x0000000000000154      0x228 phos.a(phos.o)
 .debug_frame   0x000000000000037c       0xfc phos.a(lib.o)
 .debug_frame   0x0000000000000478       0x94 phos.a(startup.o)
 .debug_frame   0x000000000000050c       0x20 /usr/local/Cellar/gcc-arm-none-eabi/20171218/bin/../lib/gcc/arm-none-eabi/7.2.1/../../../../arm-none-eabi/lib/thumb/v6-m/libc_nano.a(lib_a-memset.o)
 .debug_frame   0x000000000000052c       0x2c /usr/local/Cellar/gcc-arm-none-eabi/20171218/bin/../lib/gcc/arm-none-eabi/7.2.1/../../../../arm-none-eabi/lib/thumb/v6-m/libc_nano.a(lib_a-strncpy.o)
 .debug_frame   0x0000000000000558       0x20 /usr/local/Cellar/gcc-arm-none-eabi/20171218/bin/../lib/gcc/arm-none-eabi/7.2.1/thumb/v6-m/libgcc.a(_udivsi3.o)

.debug_ranges   0x0000000000000000       0xd0
 .debug_ranges  0x0000000000000000       0x80 phos.a(phos.o)
 .debug_ranges  0x0000000000000080       0x50 phos.a(lib.o)
