Archive member included to satisfy reference by file (symbol)

phos.a(serial.o)              race.o (serial_printf)
phos.a(phos.o)                phos.a(serial.o) (send)
phos.a(mpx-m0.o)              phos.a(phos.o) (setstack)
phos.a(lib.o)                 phos.a(serial.o) (do_print)
phos.a(startup.o)             phos.a(phos.o) (spin)
/usr/local/Cellar/gcc-arm-none-eabi/20171218/bin/../lib/gcc/arm-none-eabi/7.2.1/../../../../arm-none-eabi/lib/thumb/v6-m/libc_nano.a(lib_a-memset.o)
                              phos.a(phos.o) (memset)
/usr/local/Cellar/gcc-arm-none-eabi/20171218/bin/../lib/gcc/arm-none-eabi/7.2.1/../../../../arm-none-eabi/lib/thumb/v6-m/libc_nano.a(lib_a-strlen.o)
                              phos.a(phos.o) (strlen)
/usr/local/Cellar/gcc-arm-none-eabi/20171218/bin/../lib/gcc/arm-none-eabi/7.2.1/../../../../arm-none-eabi/lib/thumb/v6-m/libc_nano.a(lib_a-strncpy.o)
                              phos.a(phos.o) (strncpy)
/usr/local/Cellar/gcc-arm-none-eabi/20171218/bin/../lib/gcc/arm-none-eabi/7.2.1/thumb/v6-m/libgcc.a(_udivsi3.o)
                              phos.a(lib.o) (__aeabi_uidiv)
/usr/local/Cellar/gcc-arm-none-eabi/20171218/bin/../lib/gcc/arm-none-eabi/7.2.1/thumb/v6-m/libgcc.a(_dvmd_tls.o)
                              /usr/local/Cellar/gcc-arm-none-eabi/20171218/bin/../lib/gcc/arm-none-eabi/7.2.1/thumb/v6-m/libgcc.a(_udivsi3.o) (__aeabi_idiv0)

Memory Configuration

Name             Origin             Length             Attributes
FLASH            0x0000000000000000 0x0000000000040000 xr
RAM              0x0000000020000000 0x0000000000004000 xrw
*default*        0x0000000000000000 0xffffffffffffffff

Linker script and memory map

LOAD race.o
LOAD phos.a
LOAD /usr/local/Cellar/gcc-arm-none-eabi/20171218/bin/../lib/gcc/arm-none-eabi/7.2.1/../../../../arm-none-eabi/lib/thumb/v6-m/libc_nano.a
LOAD /usr/local/Cellar/gcc-arm-none-eabi/20171218/bin/../lib/gcc/arm-none-eabi/7.2.1/thumb/v6-m/libgcc.a

.text           0x0000000000000000     0x13bc
 *(.vectors)
 .vectors       0x0000000000000000       0xc0 phos.a(startup.o)
                0x0000000000000000                __vectors
 *(.text*)
 .text          0x00000000000000c0       0x98 race.o
                0x00000000000000c0                proc1
                0x00000000000000e0                proc2
                0x000000000000011c                init
 .text          0x0000000000000158      0x390 phos.a(serial.o)
                0x0000000000000180                serial_putc
                0x000000000000048c                serial_printf
                0x00000000000004ac                serial_getc
                0x00000000000004c6                serial_init
 .text          0x00000000000004e8      0x7a0 phos.a(phos.o)
                0x0000000000000564                exit
                0x0000000000000654                interrupt
                0x00000000000006b8                yield
                0x00000000000006bc                phos_start
                0x00000000000006d8                send
                0x00000000000006dc                receive
                0x00000000000006e0                sendrec
                0x00000000000006e4                connect
                0x00000000000006e8                setprio
                0x00000000000006ec                dump
                0x00000000000006f0                kprintf
                0x0000000000000720                panic
                0x0000000000000764                intr_handler
                0x00000000000007cc                hardfault_handler
                0x0000000000000818                phos_init
                0x000000000000088c                start
                0x0000000000000974                system_call
 .text          0x0000000000000c88       0x80 phos.a(mpx-m0.o)
                0x0000000000000c88                setstack
                0x0000000000000cc2                svc_handler
                0x0000000000000cd2                phos_interrupt
                0x0000000000000ce8                lock
                0x0000000000000cf4                unlock
                0x0000000000000cf8                restore
 .text          0x0000000000000d08      0x230 phos.a(lib.o)
                0x0000000000000d58                f_printc
                0x0000000000000d62                f_storec
                0x0000000000000d6c                atoi
                0x0000000000000dac                xtou
                0x0000000000000de6                _do_print
                0x0000000000000ef0                do_print
                0x0000000000000f04                sprintf
 .text          0x0000000000000f38      0x154 phos.a(startup.o)
                0x0000000000000f38                default_handler
                0x0000000000000f38                spin
                0x0000000000000f80                null
                0x0000000000000f82                __reset
                0x0000000000000ffc                set_priority
                0x000000000000105c                enable_irq
                0x000000000000106c                disable_irq
                0x000000000000107c                clear_pending
 .text          0x000000000000108c        0x0 /usr/local/Cellar/gcc-arm-none-eabi/20171218/bin/../lib/gcc/arm-none-eabi/7.2.1/../../../../arm-none-eabi/lib/thumb/v6-m/libc_nano.a(lib_a-memset.o)
 .text.memset   0x000000000000108c       0x10 /usr/local/Cellar/gcc-arm-none-eabi/20171218/bin/../lib/gcc/arm-none-eabi/7.2.1/../../../../arm-none-eabi/lib/thumb/v6-m/libc_nano.a(lib_a-memset.o)
                0x000000000000108c                memset
 .text          0x000000000000109c        0xe /usr/local/Cellar/gcc-arm-none-eabi/20171218/bin/../lib/gcc/arm-none-eabi/7.2.1/../../../../arm-none-eabi/lib/thumb/v6-m/libc_nano.a(lib_a-strlen.o)
                0x000000000000109c                strlen
 .text          0x00000000000010aa        0x0 /usr/local/Cellar/gcc-arm-none-eabi/20171218/bin/../lib/gcc/arm-none-eabi/7.2.1/../../../../arm-none-eabi/lib/thumb/v6-m/libc_nano.a(lib_a-strncpy.o)
 .text.strncpy  0x00000000000010aa       0x28 /usr/local/Cellar/gcc-arm-none-eabi/20171218/bin/../lib/gcc/arm-none-eabi/7.2.1/../../../../arm-none-eabi/lib/thumb/v6-m/libc_nano.a(lib_a-strncpy.o)
                0x00000000000010aa                strncpy
 *fill*         0x00000000000010d2        0x2 
 .text          0x00000000000010d4      0x114 /usr/local/Cellar/gcc-arm-none-eabi/20171218/bin/../lib/gcc/arm-none-eabi/7.2.1/thumb/v6-m/libgcc.a(_udivsi3.o)
                0x00000000000010d4                __udivsi3
                0x00000000000010d4                __aeabi_uidiv
                0x00000000000011e0                __aeabi_uidivmod
 .text          0x00000000000011e8        0x4 /usr/local/Cellar/gcc-arm-none-eabi/20171218/bin/../lib/gcc/arm-none-eabi/7.2.1/thumb/v6-m/libgcc.a(_dvmd_tls.o)
                0x00000000000011e8                __aeabi_ldiv0
                0x00000000000011e8                __aeabi_idiv0
 *(.rodata*)
 .rodata.str1.4
                0x00000000000011ec       0x16 race.o
 *fill*         0x0000000000001202        0x2 
 .rodata.str1.4
                0x0000000000001204       0x53 phos.a(serial.o)
 *fill*         0x0000000000001257        0x1 
 .rodata        0x0000000000001258       0x20 phos.a(phos.o)
 .rodata.str1.4
                0x0000000000001278       0xd7 phos.a(phos.o)
                                         0xdf (size before relaxing)
 *fill*         0x000000000000134f        0x1 
 .rodata        0x0000000000001350       0x58 phos.a(lib.o)
 .rodata.str1.4
                0x00000000000013a8       0x14 phos.a(lib.o)
                                         0x11 (size before relaxing)
                0x00000000000013bc                . = ALIGN (0x4)
                0x00000000000013bc                __etext = .

.glue_7         0x00000000000013bc        0x0
 .glue_7        0x00000000000013bc        0x0 linker stubs

.glue_7t        0x00000000000013bc        0x0
 .glue_7t       0x00000000000013bc        0x0 linker stubs

.vfp11_veneer   0x00000000000013bc        0x0
 .vfp11_veneer  0x00000000000013bc        0x0 linker stubs

.v4_bx          0x00000000000013bc        0x0
 .v4_bx         0x00000000000013bc        0x0 linker stubs

.iplt           0x00000000000013bc        0x0
 .iplt          0x00000000000013bc        0x0 race.o

.rel.dyn        0x00000000000013bc        0x0
 .rel.iplt      0x00000000000013bc        0x0 race.o

.data           0x0000000020000000        0xc load address 0x00000000000013bc
                0x0000000020000000                __data_start = .
 *(.data*)
 .data          0x0000000020000000        0x0 race.o
 .data          0x0000000020000000        0x8 phos.a(serial.o)
 .data          0x0000000020000008        0x4 phos.a(phos.o)
 .data          0x000000002000000c        0x0 phos.a(mpx-m0.o)
 .data          0x000000002000000c        0x0 phos.a(lib.o)
 .data          0x000000002000000c        0x0 phos.a(startup.o)
 .data          0x000000002000000c        0x0 /usr/local/Cellar/gcc-arm-none-eabi/20171218/bin/../lib/gcc/arm-none-eabi/7.2.1/../../../../arm-none-eabi/lib/thumb/v6-m/libc_nano.a(lib_a-memset.o)
 .data          0x000000002000000c        0x0 /usr/local/Cellar/gcc-arm-none-eabi/20171218/bin/../lib/gcc/arm-none-eabi/7.2.1/../../../../arm-none-eabi/lib/thumb/v6-m/libc_nano.a(lib_a-strlen.o)
 .data          0x000000002000000c        0x0 /usr/local/Cellar/gcc-arm-none-eabi/20171218/bin/../lib/gcc/arm-none-eabi/7.2.1/../../../../arm-none-eabi/lib/thumb/v6-m/libc_nano.a(lib_a-strncpy.o)
 .data          0x000000002000000c        0x0 /usr/local/Cellar/gcc-arm-none-eabi/20171218/bin/../lib/gcc/arm-none-eabi/7.2.1/thumb/v6-m/libgcc.a(_udivsi3.o)
 .data          0x000000002000000c        0x0 /usr/local/Cellar/gcc-arm-none-eabi/20171218/bin/../lib/gcc/arm-none-eabi/7.2.1/thumb/v6-m/libgcc.a(_dvmd_tls.o)
                0x000000002000000c                . = ALIGN (0x4)
                0x000000002000000c                __data_end = .

.igot.plt       0x000000002000000c        0x0 load address 0x00000000000013c8
 .igot.plt      0x000000002000000c        0x0 race.o

.bss            0x000000002000000c      0x588 load address 0x00000000000013c8
                0x000000002000000c                __bss_start = .
 *(.bss*)
 .bss           0x000000002000000c        0x4 race.o
 .bss           0x0000000020000010      0x11c phos.a(serial.o)
 .bss           0x000000002000012c      0x464 phos.a(phos.o)
 .bss           0x0000000020000590        0x4 phos.a(mpx-m0.o)
 .bss           0x0000000020000594        0x0 phos.a(lib.o)
 .bss           0x0000000020000594        0x0 phos.a(startup.o)
 .bss           0x0000000020000594        0x0 /usr/local/Cellar/gcc-arm-none-eabi/20171218/bin/../lib/gcc/arm-none-eabi/7.2.1/../../../../arm-none-eabi/lib/thumb/v6-m/libc_nano.a(lib_a-memset.o)
 .bss           0x0000000020000594        0x0 /usr/local/Cellar/gcc-arm-none-eabi/20171218/bin/../lib/gcc/arm-none-eabi/7.2.1/../../../../arm-none-eabi/lib/thumb/v6-m/libc_nano.a(lib_a-strlen.o)
 .bss           0x0000000020000594        0x0 /usr/local/Cellar/gcc-arm-none-eabi/20171218/bin/../lib/gcc/arm-none-eabi/7.2.1/../../../../arm-none-eabi/lib/thumb/v6-m/libc_nano.a(lib_a-strncpy.o)
 .bss           0x0000000020000594        0x0 /usr/local/Cellar/gcc-arm-none-eabi/20171218/bin/../lib/gcc/arm-none-eabi/7.2.1/thumb/v6-m/libgcc.a(_udivsi3.o)
 .bss           0x0000000020000594        0x0 /usr/local/Cellar/gcc-arm-none-eabi/20171218/bin/../lib/gcc/arm-none-eabi/7.2.1/thumb/v6-m/libgcc.a(_dvmd_tls.o)
 *(COMMON)
                0x0000000020000594                . = ALIGN (0x4)
                0x0000000020000594                __bss_end = .
                0x0000000020000594                __end = .
                0x0000000020004000                __stack = (ORIGIN (RAM) + LENGTH (RAM))
                0x0000000020003800                __stack_limit = (__stack - 0x800)
                0x0000000000000001                ASSERT ((__stack_limit >= __end), region RAM overlaps with stack)
OUTPUT(race.elf elf32-littlearm)

.debug_info     0x0000000000000000     0x2707
 .debug_info    0x0000000000000000      0x197 race.o
 .debug_info    0x0000000000000197      0x5e4 phos.a(serial.o)
 .debug_info    0x000000000000077b     0x1865 phos.a(phos.o)
 .debug_info    0x0000000000001fe0      0x564 phos.a(lib.o)
 .debug_info    0x0000000000002544      0x1c3 phos.a(startup.o)

.debug_abbrev   0x0000000000000000      0xa49
 .debug_abbrev  0x0000000000000000       0xcc race.o
 .debug_abbrev  0x00000000000000cc      0x1d9 phos.a(serial.o)
 .debug_abbrev  0x00000000000002a5      0x469 phos.a(phos.o)
 .debug_abbrev  0x000000000000070e      0x228 phos.a(lib.o)
 .debug_abbrev  0x0000000000000936      0x113 phos.a(startup.o)

.debug_loc      0x0000000000000000     0x14f4
 .debug_loc     0x0000000000000000       0xd0 race.o
 .debug_loc     0x00000000000000d0      0x12a phos.a(serial.o)
 .debug_loc     0x00000000000001fa      0xc7f phos.a(phos.o)
 .debug_loc     0x0000000000000e79      0x5b3 phos.a(lib.o)
 .debug_loc     0x000000000000142c       0xc8 phos.a(startup.o)

.debug_aranges  0x0000000000000000       0xa0
 .debug_aranges
                0x0000000000000000       0x20 race.o
 .debug_aranges
                0x0000000000000020       0x20 phos.a(serial.o)
 .debug_aranges
                0x0000000000000040       0x20 phos.a(phos.o)
 .debug_aranges
                0x0000000000000060       0x20 phos.a(lib.o)
 .debug_aranges
                0x0000000000000080       0x20 phos.a(startup.o)

.debug_line     0x0000000000000000      0x6b9
 .debug_line    0x0000000000000000       0x65 race.o
 .debug_line    0x0000000000000065      0x16f phos.a(serial.o)
 .debug_line    0x00000000000001d4      0x32b phos.a(phos.o)
 .debug_line    0x00000000000004ff      0x132 phos.a(lib.o)
 .debug_line    0x0000000000000631       0x88 phos.a(startup.o)

.debug_str      0x0000000000000000      0x935
 .debug_str     0x0000000000000000       0xbb race.o
                                         0xd0 (size before relaxing)
 .debug_str     0x00000000000000bb      0x1b1 phos.a(serial.o)
                                        0x249 (size before relaxing)
 .debug_str     0x000000000000026c      0x611 phos.a(phos.o)
                                        0x823 (size before relaxing)
 .debug_str     0x000000000000087d       0x4c phos.a(lib.o)
                                        0x140 (size before relaxing)
 .debug_str     0x00000000000008c9       0x6c phos.a(startup.o)
                                        0x110 (size before relaxing)

.comment        0x0000000000000000       0x9f
 .comment       0x0000000000000000       0x21 race.o
                                         0x22 (size before relaxing)
 .comment       0x0000000000000021       0x7e phos.a(serial.o)
                                         0x7f (size before relaxing)
 .comment       0x000000000000009f       0x7f phos.a(phos.o)
 .comment       0x000000000000009f       0x7f phos.a(lib.o)
 .comment       0x000000000000009f       0x22 phos.a(startup.o)

.ARM.attributes
                0x0000000000000000       0x2f
 .ARM.attributes
                0x0000000000000000       0x31 race.o
 .ARM.attributes
                0x0000000000000031       0x31 phos.a(serial.o)
 .ARM.attributes
                0x0000000000000062       0x31 phos.a(phos.o)
 .ARM.attributes
                0x0000000000000093       0x21 phos.a(mpx-m0.o)
 .ARM.attributes
                0x00000000000000b4       0x31 phos.a(lib.o)
 .ARM.attributes
                0x00000000000000e5       0x31 phos.a(startup.o)
 .ARM.attributes
                0x0000000000000116       0x2c /usr/local/Cellar/gcc-arm-none-eabi/20171218/bin/../lib/gcc/arm-none-eabi/7.2.1/../../../../arm-none-eabi/lib/thumb/v6-m/libc_nano.a(lib_a-memset.o)
 .ARM.attributes
                0x0000000000000142       0x1c /usr/local/Cellar/gcc-arm-none-eabi/20171218/bin/../lib/gcc/arm-none-eabi/7.2.1/../../../../arm-none-eabi/lib/thumb/v6-m/libc_nano.a(lib_a-strlen.o)
 .ARM.attributes
                0x000000000000015e       0x2c /usr/local/Cellar/gcc-arm-none-eabi/20171218/bin/../lib/gcc/arm-none-eabi/7.2.1/../../../../arm-none-eabi/lib/thumb/v6-m/libc_nano.a(lib_a-strncpy.o)
 .ARM.attributes
                0x000000000000018a       0x1e /usr/local/Cellar/gcc-arm-none-eabi/20171218/bin/../lib/gcc/arm-none-eabi/7.2.1/thumb/v6-m/libgcc.a(_udivsi3.o)
 .ARM.attributes
                0x00000000000001a8       0x1e /usr/local/Cellar/gcc-arm-none-eabi/20171218/bin/../lib/gcc/arm-none-eabi/7.2.1/thumb/v6-m/libgcc.a(_dvmd_tls.o)

.debug_frame    0x0000000000000000      0x574
 .debug_frame   0x0000000000000000       0x60 race.o
 .debug_frame   0x0000000000000060       0xf0 phos.a(serial.o)
 .debug_frame   0x0000000000000150      0x228 phos.a(phos.o)
 .debug_frame   0x0000000000000378       0xfc phos.a(lib.o)
 .debug_frame   0x0000000000000474       0x94 phos.a(startup.o)
 .debug_frame   0x0000000000000508       0x20 /usr/local/Cellar/gcc-arm-none-eabi/20171218/bin/../lib/gcc/arm-none-eabi/7.2.1/../../../../arm-none-eabi/lib/thumb/v6-m/libc_nano.a(lib_a-memset.o)
 .debug_frame   0x0000000000000528       0x2c /usr/local/Cellar/gcc-arm-none-eabi/20171218/bin/../lib/gcc/arm-none-eabi/7.2.1/../../../../arm-none-eabi/lib/thumb/v6-m/libc_nano.a(lib_a-strncpy.o)
 .debug_frame   0x0000000000000554       0x20 /usr/local/Cellar/gcc-arm-none-eabi/20171218/bin/../lib/gcc/arm-none-eabi/7.2.1/thumb/v6-m/libgcc.a(_udivsi3.o)

.debug_ranges   0x0000000000000000       0xd0
 .debug_ranges  0x0000000000000000       0x80 phos.a(phos.o)
 .debug_ranges  0x0000000000000080       0x50 phos.a(lib.o)
