Archive member included to satisfy reference by file (symbol)

phos.a(serial.o)              today.o (serial_putc)
phos.a(phos.o)                today.o (send)
phos.a(mpx-m0.o)              phos.a(phos.o) (setstack)
phos.a(lib.o)                 phos.a(serial.o) (do_print)
phos.a(startup.o)             phos.a(phos.o) (spin)
/usr/local/Cellar/gcc-arm-none-eabi/20171218/bin/../lib/gcc/arm-none-eabi/7.2.1/../../../../arm-none-eabi/lib/thumb/v6-m/libc_nano.a(lib_a-memset.o)
                              phos.a(phos.o) (memset)
/usr/local/Cellar/gcc-arm-none-eabi/20171218/bin/../lib/gcc/arm-none-eabi/7.2.1/../../../../arm-none-eabi/lib/thumb/v6-m/libc_nano.a(lib_a-strlen.o)
                              phos.a(phos.o) (strlen)
/usr/local/Cellar/gcc-arm-none-eabi/20171218/bin/../lib/gcc/arm-none-eabi/7.2.1/../../../../arm-none-eabi/lib/thumb/v6-m/libc_nano.a(lib_a-strncpy.o)
                              phos.a(phos.o) (strncpy)
/usr/local/Cellar/gcc-arm-none-eabi/20171218/bin/../lib/gcc/arm-none-eabi/7.2.1/thumb/v6-m/libgcc.a(_udivsi3.o)
                              phos.a(lib.o) (__aeabi_uidiv)
/usr/local/Cellar/gcc-arm-none-eabi/20171218/bin/../lib/gcc/arm-none-eabi/7.2.1/thumb/v6-m/libgcc.a(_dvmd_tls.o)
                              /usr/local/Cellar/gcc-arm-none-eabi/20171218/bin/../lib/gcc/arm-none-eabi/7.2.1/thumb/v6-m/libgcc.a(_udivsi3.o) (__aeabi_idiv0)

Memory Configuration

Name             Origin             Length             Attributes
FLASH            0x0000000000000000 0x0000000000040000 xr
RAM              0x0000000020000000 0x0000000000004000 xrw
*default*        0x0000000000000000 0xffffffffffffffff

Linker script and memory map

LOAD today.o
LOAD phos.a
LOAD /usr/local/Cellar/gcc-arm-none-eabi/20171218/bin/../lib/gcc/arm-none-eabi/7.2.1/../../../../arm-none-eabi/lib/thumb/v6-m/libc_nano.a
LOAD /usr/local/Cellar/gcc-arm-none-eabi/20171218/bin/../lib/gcc/arm-none-eabi/7.2.1/thumb/v6-m/libgcc.a

.text           0x0000000000000000     0x1408
 *(.vectors)
 .vectors       0x0000000000000000       0xc0 phos.a(startup.o)
                0x0000000000000000                __vectors
 *(.text*)
 .text          0x00000000000000c0       0xa8 today.o
                0x00000000000000c0                presenter_task
                0x00000000000000dc                put_string
                0x00000000000000f4                process
                0x0000000000000118                init
 .text          0x0000000000000168      0x390 phos.a(serial.o)
                0x0000000000000190                serial_putc
                0x000000000000049c                serial_printf
                0x00000000000004bc                serial_getc
                0x00000000000004d6                serial_init
 .text          0x00000000000004f8      0x7a0 phos.a(phos.o)
                0x0000000000000574                exit
                0x0000000000000664                interrupt
                0x00000000000006c8                yield
                0x00000000000006cc                phos_start
                0x00000000000006e8                send
                0x00000000000006ec                receive
                0x00000000000006f0                sendrec
                0x00000000000006f4                connect
                0x00000000000006f8                setprio
                0x00000000000006fc                dump
                0x0000000000000700                kprintf
                0x0000000000000730                panic
                0x0000000000000774                intr_handler
                0x00000000000007dc                hardfault_handler
                0x0000000000000828                phos_init
                0x000000000000089c                start
                0x0000000000000984                system_call
 .text          0x0000000000000c98       0x80 phos.a(mpx-m0.o)
                0x0000000000000c98                setstack
                0x0000000000000cd2                svc_handler
                0x0000000000000ce2                phos_interrupt
                0x0000000000000cf8                lock
                0x0000000000000d04                unlock
                0x0000000000000d08                restore
 .text          0x0000000000000d18      0x230 phos.a(lib.o)
                0x0000000000000d68                f_printc
                0x0000000000000d72                f_storec
                0x0000000000000d7c                atoi
                0x0000000000000dbc                xtou
                0x0000000000000df6                _do_print
                0x0000000000000f00                do_print
                0x0000000000000f14                sprintf
 .text          0x0000000000000f48      0x154 phos.a(startup.o)
                0x0000000000000f48                default_handler
                0x0000000000000f48                spin
                0x0000000000000f90                null
                0x0000000000000f92                __reset
                0x000000000000100c                set_priority
                0x000000000000106c                enable_irq
                0x000000000000107c                disable_irq
                0x000000000000108c                clear_pending
 .text          0x000000000000109c        0x0 /usr/local/Cellar/gcc-arm-none-eabi/20171218/bin/../lib/gcc/arm-none-eabi/7.2.1/../../../../arm-none-eabi/lib/thumb/v6-m/libc_nano.a(lib_a-memset.o)
 .text.memset   0x000000000000109c       0x10 /usr/local/Cellar/gcc-arm-none-eabi/20171218/bin/../lib/gcc/arm-none-eabi/7.2.1/../../../../arm-none-eabi/lib/thumb/v6-m/libc_nano.a(lib_a-memset.o)
                0x000000000000109c                memset
 .text          0x00000000000010ac        0xe /usr/local/Cellar/gcc-arm-none-eabi/20171218/bin/../lib/gcc/arm-none-eabi/7.2.1/../../../../arm-none-eabi/lib/thumb/v6-m/libc_nano.a(lib_a-strlen.o)
                0x00000000000010ac                strlen
 .text          0x00000000000010ba        0x0 /usr/local/Cellar/gcc-arm-none-eabi/20171218/bin/../lib/gcc/arm-none-eabi/7.2.1/../../../../arm-none-eabi/lib/thumb/v6-m/libc_nano.a(lib_a-strncpy.o)
 .text.strncpy  0x00000000000010ba       0x28 /usr/local/Cellar/gcc-arm-none-eabi/20171218/bin/../lib/gcc/arm-none-eabi/7.2.1/../../../../arm-none-eabi/lib/thumb/v6-m/libc_nano.a(lib_a-strncpy.o)
                0x00000000000010ba                strncpy
 *fill*         0x00000000000010e2        0x2 
 .text          0x00000000000010e4      0x114 /usr/local/Cellar/gcc-arm-none-eabi/20171218/bin/../lib/gcc/arm-none-eabi/7.2.1/thumb/v6-m/libgcc.a(_udivsi3.o)
                0x00000000000010e4                __udivsi3
                0x00000000000010e4                __aeabi_uidiv
                0x00000000000011f0                __aeabi_uidivmod
 .text          0x00000000000011f8        0x4 /usr/local/Cellar/gcc-arm-none-eabi/20171218/bin/../lib/gcc/arm-none-eabi/7.2.1/thumb/v6-m/libgcc.a(_dvmd_tls.o)
                0x00000000000011f8                __aeabi_ldiv0
                0x00000000000011f8                __aeabi_idiv0
 *(.rodata*)
 .rodata.str1.4
                0x00000000000011fc       0x52 today.o
 *fill*         0x000000000000124e        0x2 
 .rodata.str1.4
                0x0000000000001250       0x53 phos.a(serial.o)
 *fill*         0x00000000000012a3        0x1 
 .rodata        0x00000000000012a4       0x20 phos.a(phos.o)
 .rodata.str1.4
                0x00000000000012c4       0xd7 phos.a(phos.o)
                                         0xdf (size before relaxing)
 *fill*         0x000000000000139b        0x1 
 .rodata        0x000000000000139c       0x58 phos.a(lib.o)
 .rodata.str1.4
                0x00000000000013f4       0x14 phos.a(lib.o)
                                         0x11 (size before relaxing)
                0x0000000000001408                . = ALIGN (0x4)
                0x0000000000001408                __etext = .

.glue_7         0x0000000000001408        0x0
 .glue_7        0x0000000000001408        0x0 linker stubs

.glue_7t        0x0000000000001408        0x0
 .glue_7t       0x0000000000001408        0x0 linker stubs

.vfp11_veneer   0x0000000000001408        0x0
 .vfp11_veneer  0x0000000000001408        0x0 linker stubs

.v4_bx          0x0000000000001408        0x0
 .v4_bx         0x0000000000001408        0x0 linker stubs

.iplt           0x0000000000001408        0x0
 .iplt          0x0000000000001408        0x0 today.o

.rel.dyn        0x0000000000001408        0x0
 .rel.iplt      0x0000000000001408        0x0 today.o

.data           0x0000000020000000       0x14 load address 0x0000000000001408
                0x0000000020000000                __data_start = .
 *(.data*)
 .data          0x0000000020000000        0x8 today.o
                0x0000000020000000                slogan
 .data          0x0000000020000008        0x8 phos.a(serial.o)
 .data          0x0000000020000010        0x4 phos.a(phos.o)
 .data          0x0000000020000014        0x0 phos.a(mpx-m0.o)
 .data          0x0000000020000014        0x0 phos.a(lib.o)
 .data          0x0000000020000014        0x0 phos.a(startup.o)
 .data          0x0000000020000014        0x0 /usr/local/Cellar/gcc-arm-none-eabi/20171218/bin/../lib/gcc/arm-none-eabi/7.2.1/../../../../arm-none-eabi/lib/thumb/v6-m/libc_nano.a(lib_a-memset.o)
 .data          0x0000000020000014        0x0 /usr/local/Cellar/gcc-arm-none-eabi/20171218/bin/../lib/gcc/arm-none-eabi/7.2.1/../../../../arm-none-eabi/lib/thumb/v6-m/libc_nano.a(lib_a-strlen.o)
 .data          0x0000000020000014        0x0 /usr/local/Cellar/gcc-arm-none-eabi/20171218/bin/../lib/gcc/arm-none-eabi/7.2.1/../../../../arm-none-eabi/lib/thumb/v6-m/libc_nano.a(lib_a-strncpy.o)
 .data          0x0000000020000014        0x0 /usr/local/Cellar/gcc-arm-none-eabi/20171218/bin/../lib/gcc/arm-none-eabi/7.2.1/thumb/v6-m/libgcc.a(_udivsi3.o)
 .data          0x0000000020000014        0x0 /usr/local/Cellar/gcc-arm-none-eabi/20171218/bin/../lib/gcc/arm-none-eabi/7.2.1/thumb/v6-m/libgcc.a(_dvmd_tls.o)
                0x0000000020000014                . = ALIGN (0x4)
                0x0000000020000014                __data_end = .

.igot.plt       0x0000000020000014        0x0 load address 0x000000000000141c
 .igot.plt      0x0000000020000014        0x0 today.o

.bss            0x0000000020000014      0x584 load address 0x000000000000141c
                0x0000000020000014                __bss_start = .
 *(.bss*)
 .bss           0x0000000020000014        0x0 today.o
 .bss           0x0000000020000014      0x11c phos.a(serial.o)
 .bss           0x0000000020000130      0x464 phos.a(phos.o)
 .bss           0x0000000020000594        0x4 phos.a(mpx-m0.o)
 .bss           0x0000000020000598        0x0 phos.a(lib.o)
 .bss           0x0000000020000598        0x0 phos.a(startup.o)
 .bss           0x0000000020000598        0x0 /usr/local/Cellar/gcc-arm-none-eabi/20171218/bin/../lib/gcc/arm-none-eabi/7.2.1/../../../../arm-none-eabi/lib/thumb/v6-m/libc_nano.a(lib_a-memset.o)
 .bss           0x0000000020000598        0x0 /usr/local/Cellar/gcc-arm-none-eabi/20171218/bin/../lib/gcc/arm-none-eabi/7.2.1/../../../../arm-none-eabi/lib/thumb/v6-m/libc_nano.a(lib_a-strlen.o)
 .bss           0x0000000020000598        0x0 /usr/local/Cellar/gcc-arm-none-eabi/20171218/bin/../lib/gcc/arm-none-eabi/7.2.1/../../../../arm-none-eabi/lib/thumb/v6-m/libc_nano.a(lib_a-strncpy.o)
 .bss           0x0000000020000598        0x0 /usr/local/Cellar/gcc-arm-none-eabi/20171218/bin/../lib/gcc/arm-none-eabi/7.2.1/thumb/v6-m/libgcc.a(_udivsi3.o)
 .bss           0x0000000020000598        0x0 /usr/local/Cellar/gcc-arm-none-eabi/20171218/bin/../lib/gcc/arm-none-eabi/7.2.1/thumb/v6-m/libgcc.a(_dvmd_tls.o)
 *(COMMON)
                0x0000000020000598                . = ALIGN (0x4)
                0x0000000020000598                __bss_end = .
                0x0000000020000598                __end = .
                0x0000000020004000                __stack = (ORIGIN (RAM) + LENGTH (RAM))
                0x0000000020003800                __stack_limit = (__stack - 0x800)
                0x0000000000000001                ASSERT ((__stack_limit >= __end), region RAM overlaps with stack)
OUTPUT(today.elf elf32-littlearm)

.debug_info     0x0000000000000000     0x30ca
 .debug_info    0x0000000000000000      0xb5a today.o
 .debug_info    0x0000000000000b5a      0x5e4 phos.a(serial.o)
 .debug_info    0x000000000000113e     0x1865 phos.a(phos.o)
 .debug_info    0x00000000000029a3      0x564 phos.a(lib.o)
 .debug_info    0x0000000000002f07      0x1c3 phos.a(startup.o)

.debug_abbrev   0x0000000000000000      0xba9
 .debug_abbrev  0x0000000000000000      0x22c today.o
 .debug_abbrev  0x000000000000022c      0x1d9 phos.a(serial.o)
 .debug_abbrev  0x0000000000000405      0x469 phos.a(phos.o)
 .debug_abbrev  0x000000000000086e      0x228 phos.a(lib.o)
 .debug_abbrev  0x0000000000000a96      0x113 phos.a(startup.o)

.debug_loc      0x0000000000000000     0x14f2
 .debug_loc     0x0000000000000000       0xce today.o
 .debug_loc     0x00000000000000ce      0x12a phos.a(serial.o)
 .debug_loc     0x00000000000001f8      0xc7f phos.a(phos.o)
 .debug_loc     0x0000000000000e77      0x5b3 phos.a(lib.o)
 .debug_loc     0x000000000000142a       0xc8 phos.a(startup.o)

.debug_aranges  0x0000000000000000       0xa0
 .debug_aranges
                0x0000000000000000       0x20 today.o
 .debug_aranges
                0x0000000000000020       0x20 phos.a(serial.o)
 .debug_aranges
                0x0000000000000040       0x20 phos.a(phos.o)
 .debug_aranges
                0x0000000000000060       0x20 phos.a(lib.o)
 .debug_aranges
                0x0000000000000080       0x20 phos.a(startup.o)

.debug_line     0x0000000000000000      0x788
 .debug_line    0x0000000000000000      0x134 today.o
 .debug_line    0x0000000000000134      0x16f phos.a(serial.o)
 .debug_line    0x00000000000002a3      0x32b phos.a(phos.o)
 .debug_line    0x00000000000005ce      0x132 phos.a(lib.o)
 .debug_line    0x0000000000000700       0x88 phos.a(startup.o)

.debug_str      0x0000000000000000      0x953
 .debug_str     0x0000000000000000      0x531 today.o
                                        0x5b1 (size before relaxing)
 .debug_str     0x0000000000000531       0xe4 phos.a(serial.o)
                                        0x249 (size before relaxing)
 .debug_str     0x0000000000000615      0x223 phos.a(phos.o)
                                        0x823 (size before relaxing)
 .debug_str     0x0000000000000838       0x4c phos.a(lib.o)
                                        0x140 (size before relaxing)
 .debug_str     0x0000000000000884       0xcf phos.a(startup.o)
                                        0x110 (size before relaxing)

.comment        0x0000000000000000       0x9f
 .comment       0x0000000000000000       0x7e today.o
                                         0x7f (size before relaxing)
 .comment       0x000000000000007e       0x7f phos.a(serial.o)
 .comment       0x000000000000007e       0x7f phos.a(phos.o)
 .comment       0x000000000000007e       0x7f phos.a(lib.o)
 .comment       0x000000000000007e       0x21 phos.a(startup.o)
                                         0x22 (size before relaxing)

.ARM.attributes
                0x0000000000000000       0x2f
 .ARM.attributes
                0x0000000000000000       0x31 today.o
 .ARM.attributes
                0x0000000000000031       0x31 phos.a(serial.o)
 .ARM.attributes
                0x0000000000000062       0x31 phos.a(phos.o)
 .ARM.attributes
                0x0000000000000093       0x21 phos.a(mpx-m0.o)
 .ARM.attributes
                0x00000000000000b4       0x31 phos.a(lib.o)
 .ARM.attributes
                0x00000000000000e5       0x31 phos.a(startup.o)
 .ARM.attributes
                0x0000000000000116       0x2c /usr/local/Cellar/gcc-arm-none-eabi/20171218/bin/../lib/gcc/arm-none-eabi/7.2.1/../../../../arm-none-eabi/lib/thumb/v6-m/libc_nano.a(lib_a-memset.o)
 .ARM.attributes
                0x0000000000000142       0x1c /usr/local/Cellar/gcc-arm-none-eabi/20171218/bin/../lib/gcc/arm-none-eabi/7.2.1/../../../../arm-none-eabi/lib/thumb/v6-m/libc_nano.a(lib_a-strlen.o)
 .ARM.attributes
                0x000000000000015e       0x2c /usr/local/Cellar/gcc-arm-none-eabi/20171218/bin/../lib/gcc/arm-none-eabi/7.2.1/../../../../arm-none-eabi/lib/thumb/v6-m/libc_nano.a(lib_a-strncpy.o)
 .ARM.attributes
                0x000000000000018a       0x1e /usr/local/Cellar/gcc-arm-none-eabi/20171218/bin/../lib/gcc/arm-none-eabi/7.2.1/thumb/v6-m/libgcc.a(_udivsi3.o)
 .ARM.attributes
                0x00000000000001a8       0x1e /usr/local/Cellar/gcc-arm-none-eabi/20171218/bin/../lib/gcc/arm-none-eabi/7.2.1/thumb/v6-m/libgcc.a(_dvmd_tls.o)

.debug_frame    0x0000000000000000      0x590
 .debug_frame   0x0000000000000000       0x7c today.o
 .debug_frame   0x000000000000007c       0xf0 phos.a(serial.o)
 .debug_frame   0x000000000000016c      0x228 phos.a(phos.o)
 .debug_frame   0x0000000000000394       0xfc phos.a(lib.o)
 .debug_frame   0x0000000000000490       0x94 phos.a(startup.o)
 .debug_frame   0x0000000000000524       0x20 /usr/local/Cellar/gcc-arm-none-eabi/20171218/bin/../lib/gcc/arm-none-eabi/7.2.1/../../../../arm-none-eabi/lib/thumb/v6-m/libc_nano.a(lib_a-memset.o)
 .debug_frame   0x0000000000000544       0x2c /usr/local/Cellar/gcc-arm-none-eabi/20171218/bin/../lib/gcc/arm-none-eabi/7.2.1/../../../../arm-none-eabi/lib/thumb/v6-m/libc_nano.a(lib_a-strncpy.o)
 .debug_frame   0x0000000000000570       0x20 /usr/local/Cellar/gcc-arm-none-eabi/20171218/bin/../lib/gcc/arm-none-eabi/7.2.1/thumb/v6-m/libgcc.a(_udivsi3.o)

.debug_ranges   0x0000000000000000       0xd0
 .debug_ranges  0x0000000000000000       0x80 phos.a(phos.o)
 .debug_ranges  0x0000000000000080       0x50 phos.a(lib.o)
