Archive member included to satisfy reference by file (symbol)

/usr/lib/gcc/arm-none-eabi/7.1.0/thumb/v6-m/libgcc.a(_udivsi3.o)
                              lib.o (__aeabi_uidiv)
/usr/lib/gcc/arm-none-eabi/7.1.0/thumb/v6-m/libgcc.a(_divsi3.o)
                              primes-poll.o (__aeabi_idivmod)
/usr/lib/gcc/arm-none-eabi/7.1.0/thumb/v6-m/libgcc.a(_dvmd_tls.o)
                              /usr/lib/gcc/arm-none-eabi/7.1.0/thumb/v6-m/libgcc.a(_udivsi3.o) (__aeabi_idiv0)

Memory Configuration

Name             Origin             Length             Attributes
FLASH            0x0000000000000000 0x0000000000040000 xr
RAM              0x0000000020000000 0x0000000000004000 xrw
*default*        0x0000000000000000 0xffffffffffffffff

Linker script and memory map

LOAD primes-poll.o
LOAD lib.o
LOAD startup.o
LOAD /usr/lib/gcc/arm-none-eabi/7.1.0/thumb/v6-m/libgcc.a

.text           0x0000000000000000      0xbac
 *(.vectors)
 .vectors       0x0000000000000000       0xc0 startup.o
                0x0000000000000000                __vectors
 *(.text*)
 .text          0x00000000000000c0      0x3ec primes-poll.o
                0x00000000000000c0                serial_putc
                0x00000000000000ec                serial_init
                0x0000000000000184                buttonA
                0x0000000000000194                buttonB
                0x00000000000001a4                get_conf
                0x00000000000001ac                get_image
                0x000000000000022c                init_timer
                0x0000000000000294                new_milli
                0x00000000000003a4                timer1_handler
                0x00000000000003c0                serial_printf
                0x00000000000003e0                modulo
                0x00000000000003ec                prime
                0x0000000000000418                start_timer
                0x0000000000000448                stop_timer
                0x0000000000000454                init
 .text          0x00000000000004ac      0x220 lib.o
                0x0000000000000608                atoi
                0x000000000000064c                xtou
                0x0000000000000686                do_print
                0x000000000000069a                sprintf
 .text          0x00000000000006cc      0x15c startup.o
                0x00000000000006cc                default_handler
                0x00000000000006cc                spin
                0x0000000000000714                ecb_handler
                0x0000000000000714                systick_handler
                0x0000000000000714                timer0_handler
                0x0000000000000714                swi0_handler
                0x0000000000000714                rtc0_handler
                0x0000000000000714                rtc1_handler
                0x0000000000000714                swi4_handler
                0x0000000000000714                timer2_handler
                0x0000000000000714                swi5_handler
                0x0000000000000714                svc_handler
                0x0000000000000714                swi1_handler
                0x0000000000000714                qdec_handler
                0x0000000000000714                spi0_twi0_handler
                0x0000000000000714                rng_handler
                0x0000000000000714                temp_handler
                0x0000000000000714                power_clock_handler
                0x0000000000000714                gpiote_handler
                0x0000000000000714                swi2_handler
                0x0000000000000714                ccm_aar_handler
                0x0000000000000714                pendsv_handler
                0x0000000000000714                swi3_handler
                0x0000000000000714                spi1_twi1_handler
                0x0000000000000714                radio_handler
                0x0000000000000714                adc_handler
                0x0000000000000714                hardfault_handler
                0x0000000000000714                uart_handler
                0x0000000000000714                nmi_handler
                0x0000000000000714                lpcomp_handler
                0x0000000000000714                wdt_handler
                0x000000000000071c                null
                0x000000000000071c                phos_init
                0x000000000000071c                phos_start
                0x000000000000071e                __reset
                0x0000000000000798                set_priority
                0x00000000000007f8                enable_irq
                0x0000000000000808                disable_irq
                0x0000000000000818                clear_pending
 .text          0x0000000000000828      0x114 /usr/lib/gcc/arm-none-eabi/7.1.0/thumb/v6-m/libgcc.a(_udivsi3.o)
                0x0000000000000828                __udivsi3
                0x0000000000000828                __aeabi_uidiv
                0x0000000000000934                __aeabi_uidivmod
 .text          0x000000000000093c      0x1d4 /usr/lib/gcc/arm-none-eabi/7.1.0/thumb/v6-m/libgcc.a(_divsi3.o)
                0x000000000000093c                __aeabi_idiv
                0x000000000000093c                __divsi3
                0x0000000000000b08                __aeabi_idivmod
 .text          0x0000000000000b10        0x4 /usr/lib/gcc/arm-none-eabi/7.1.0/thumb/v6-m/libgcc.a(_dvmd_tls.o)
                0x0000000000000b10                __aeabi_ldiv0
                0x0000000000000b10                __aeabi_idiv0
 *(.rodata*)
 .rodata.str1.4
                0x0000000000000b14       0x28 primes-poll.o
 .rodata        0x0000000000000b3c       0x58 lib.o
 .rodata.str1.4
                0x0000000000000b94       0x18 lib.o
                                         0x17 (size before relaxing)
                0x0000000000000bac                . = ALIGN (0x4)
                0x0000000000000bac                __etext = .

.glue_7         0x0000000000000bac        0x0
 .glue_7        0x0000000000000bac        0x0 linker stubs

.glue_7t        0x0000000000000bac        0x0
 .glue_7t       0x0000000000000bac        0x0 linker stubs

.vfp11_veneer   0x0000000000000bac        0x0
 .vfp11_veneer  0x0000000000000bac        0x0 linker stubs

.v4_bx          0x0000000000000bac        0x0
 .v4_bx         0x0000000000000bac        0x0 linker stubs

.iplt           0x0000000000000bac        0x0
 .iplt          0x0000000000000bac        0x0 primes-poll.o

.rel.dyn        0x0000000000000bac        0x0
 .rel.iplt      0x0000000000000bac        0x0 primes-poll.o

.data           0x0000000020000000       0xe4 load address 0x0000000000000bac
                0x0000000020000000                __data_start = .
 *(.data*)
 .data          0x0000000020000000       0xe1 primes-poll.o
                0x0000000020000000                def_row
                0x0000000020000064                def_column
                0x00000000200000c8                image
 .data          0x00000000200000e1        0x0 lib.o
 .data          0x00000000200000e1        0x0 startup.o
 .data          0x00000000200000e1        0x0 /usr/lib/gcc/arm-none-eabi/7.1.0/thumb/v6-m/libgcc.a(_udivsi3.o)
 .data          0x00000000200000e1        0x0 /usr/lib/gcc/arm-none-eabi/7.1.0/thumb/v6-m/libgcc.a(_divsi3.o)
 .data          0x00000000200000e1        0x0 /usr/lib/gcc/arm-none-eabi/7.1.0/thumb/v6-m/libgcc.a(_dvmd_tls.o)
                0x00000000200000e4                . = ALIGN (0x4)
 *fill*         0x00000000200000e1        0x3 
                0x00000000200000e4                __data_end = .

.igot.plt       0x00000000200000e4        0x0 load address 0x0000000000000c90
 .igot.plt      0x00000000200000e4        0x0 primes-poll.o

.bss            0x00000000200000e4       0x18 load address 0x0000000000000c90
                0x00000000200000e4                __bss_start = .
 *(.bss*)
 .bss           0x00000000200000e4       0x18 primes-poll.o
                0x00000000200000e8                millis
                0x00000000200000ec                pos
                0x00000000200000f0                ready
                0x00000000200000f4                row
                0x00000000200000f8                blink
 .bss           0x00000000200000fc        0x0 lib.o
 .bss           0x00000000200000fc        0x0 startup.o
 .bss           0x00000000200000fc        0x0 /usr/lib/gcc/arm-none-eabi/7.1.0/thumb/v6-m/libgcc.a(_udivsi3.o)
 .bss           0x00000000200000fc        0x0 /usr/lib/gcc/arm-none-eabi/7.1.0/thumb/v6-m/libgcc.a(_divsi3.o)
 .bss           0x00000000200000fc        0x0 /usr/lib/gcc/arm-none-eabi/7.1.0/thumb/v6-m/libgcc.a(_dvmd_tls.o)
 *(COMMON)
                0x00000000200000fc                . = ALIGN (0x4)
                0x00000000200000fc                __bss_end = .
                0x00000000200000fc                __end = .
                0x0000000020004000                __stack = (ORIGIN (RAM) + LENGTH (RAM))
                0x0000000020003800                __stack_limit = (__stack - 0x800)
                0x0000000000000001                ASSERT ((__stack_limit >= __end), region RAM overlaps with stack)
OUTPUT(primes-poll.elf elf32-littlearm)

.debug_info     0x0000000000000000      0xe94
 .debug_info    0x0000000000000000      0x569 primes-poll.o
 .debug_info    0x0000000000000569      0x4fd lib.o
 .debug_info    0x0000000000000a66      0x1ee startup.o
 .debug_info    0x0000000000000c54       0xc0 /usr/lib/gcc/arm-none-eabi/7.1.0/thumb/v6-m/libgcc.a(_udivsi3.o)
 .debug_info    0x0000000000000d14       0xc0 /usr/lib/gcc/arm-none-eabi/7.1.0/thumb/v6-m/libgcc.a(_divsi3.o)
 .debug_info    0x0000000000000dd4       0xc0 /usr/lib/gcc/arm-none-eabi/7.1.0/thumb/v6-m/libgcc.a(_dvmd_tls.o)

.debug_abbrev   0x0000000000000000      0x6a0
 .debug_abbrev  0x0000000000000000      0x2ee primes-poll.o
 .debug_abbrev  0x00000000000002ee      0x23e lib.o
 .debug_abbrev  0x000000000000052c      0x138 startup.o
 .debug_abbrev  0x0000000000000664       0x14 /usr/lib/gcc/arm-none-eabi/7.1.0/thumb/v6-m/libgcc.a(_udivsi3.o)
 .debug_abbrev  0x0000000000000678       0x14 /usr/lib/gcc/arm-none-eabi/7.1.0/thumb/v6-m/libgcc.a(_divsi3.o)
 .debug_abbrev  0x000000000000068c       0x14 /usr/lib/gcc/arm-none-eabi/7.1.0/thumb/v6-m/libgcc.a(_dvmd_tls.o)

.debug_loc      0x0000000000000000      0x79f
 .debug_loc     0x0000000000000000      0x1b1 primes-poll.o
 .debug_loc     0x00000000000001b1      0x526 lib.o
 .debug_loc     0x00000000000006d7       0xc8 startup.o

.debug_aranges  0x0000000000000000       0xc0
 .debug_aranges
                0x0000000000000000       0x20 primes-poll.o
 .debug_aranges
                0x0000000000000020       0x20 lib.o
 .debug_aranges
                0x0000000000000040       0x20 startup.o
 .debug_aranges
                0x0000000000000060       0x20 /usr/lib/gcc/arm-none-eabi/7.1.0/thumb/v6-m/libgcc.a(_udivsi3.o)
 .debug_aranges
                0x0000000000000080       0x20 /usr/lib/gcc/arm-none-eabi/7.1.0/thumb/v6-m/libgcc.a(_divsi3.o)
 .debug_aranges
                0x00000000000000a0       0x20 /usr/lib/gcc/arm-none-eabi/7.1.0/thumb/v6-m/libgcc.a(_dvmd_tls.o)

.debug_ranges   0x0000000000000000       0x60
 .debug_ranges  0x0000000000000000       0x30 primes-poll.o
 .debug_ranges  0x0000000000000030       0x30 lib.o

.debug_line     0x0000000000000000      0x47b
 .debug_line    0x0000000000000000      0x195 primes-poll.o
 .debug_line    0x0000000000000195      0x105 lib.o
 .debug_line    0x000000000000029a       0x8d startup.o
 .debug_line    0x0000000000000327       0x73 /usr/lib/gcc/arm-none-eabi/7.1.0/thumb/v6-m/libgcc.a(_udivsi3.o)
 .debug_line    0x000000000000039a       0x7a /usr/lib/gcc/arm-none-eabi/7.1.0/thumb/v6-m/libgcc.a(_divsi3.o)
 .debug_line    0x0000000000000414       0x67 /usr/lib/gcc/arm-none-eabi/7.1.0/thumb/v6-m/libgcc.a(_dvmd_tls.o)

.debug_str      0x0000000000000000      0x269
 .debug_str     0x0000000000000000      0x17c primes-poll.o
                                        0x198 (size before relaxing)
 .debug_str     0x000000000000017c       0x5d lib.o
                                         0xfa (size before relaxing)
 .debug_str     0x00000000000001d9       0x90 startup.o
                                        0x118 (size before relaxing)

.comment        0x0000000000000000       0x21
 .comment       0x0000000000000000       0x21 primes-poll.o
                                         0x22 (size before relaxing)
 .comment       0x0000000000000021       0x22 lib.o
 .comment       0x0000000000000021       0x22 startup.o

.ARM.attributes
                0x0000000000000000       0x31
 .ARM.attributes
                0x0000000000000000       0x31 primes-poll.o
 .ARM.attributes
                0x0000000000000031       0x31 lib.o
 .ARM.attributes
                0x0000000000000062       0x31 startup.o
 .ARM.attributes
                0x0000000000000093       0x1e /usr/lib/gcc/arm-none-eabi/7.1.0/thumb/v6-m/libgcc.a(_udivsi3.o)
 .ARM.attributes
                0x00000000000000b1       0x1e /usr/lib/gcc/arm-none-eabi/7.1.0/thumb/v6-m/libgcc.a(_divsi3.o)
 .ARM.attributes
                0x00000000000000cf       0x1e /usr/lib/gcc/arm-none-eabi/7.1.0/thumb/v6-m/libgcc.a(_dvmd_tls.o)

.debug_frame    0x0000000000000000      0x32c
 .debug_frame   0x0000000000000000      0x154 primes-poll.o
 .debug_frame   0x0000000000000154       0xec lib.o
 .debug_frame   0x0000000000000240       0xac startup.o
 .debug_frame   0x00000000000002ec       0x20 /usr/lib/gcc/arm-none-eabi/7.1.0/thumb/v6-m/libgcc.a(_udivsi3.o)
 .debug_frame   0x000000000000030c       0x20 /usr/lib/gcc/arm-none-eabi/7.1.0/thumb/v6-m/libgcc.a(_divsi3.o)
