Archive member included to satisfy reference by file (symbol)

/usr/lib/gcc/arm-none-eabi/7.1.0/thumb/v6-m/libgcc.a(_udivsi3.o)
                              lib.o (__aeabi_uidiv)
/usr/lib/gcc/arm-none-eabi/7.1.0/thumb/v6-m/libgcc.a(_dvmd_tls.o)
                              /usr/lib/gcc/arm-none-eabi/7.1.0/thumb/v6-m/libgcc.a(_udivsi3.o) (__aeabi_idiv0)

Allocating common symbols
Common symbol       size              file

line_buf            0x50              main.o

Memory Configuration

Name             Origin             Length             Attributes
FLASH            0x0000000000000000 0x0000000000040000 xr
RAM              0x0000000020000000 0x0000000000004000 xrw
*default*        0x0000000000000000 0xffffffffffffffff

Linker script and memory map

LOAD division.o
LOAD main.o
LOAD lib.o
LOAD startup.o
LOAD /usr/lib/gcc/arm-none-eabi/7.1.0/thumb/v6-m/libgcc.a

.text           0x0000000000000000      0x8a4
 *(.vectors)
 .vectors       0x0000000000000000       0xc0 startup.o
                0x0000000000000000                __vectors
 *(.text*)
 .text          0x00000000000000c0       0x1e division.o
                0x00000000000000c0                foo
 *fill*         0x00000000000000de        0x2 
 .text          0x00000000000000e0      0x250 main.o
                0x00000000000000e0                serial_putc
                0x000000000000010c                serial_init
                0x0000000000000198                serial_getc
                0x00000000000001b8                serial_puts
                0x00000000000001d0                serial_printf
                0x00000000000001f0                accept
                0x0000000000000254                getnum
                0x000000000000028c                set_conf
                0x000000000000029c                play_with_leds
                0x00000000000002c8                init
 .text          0x0000000000000330      0x220 lib.o
                0x000000000000048c                atoi
                0x00000000000004d0                xtou
                0x000000000000050a                do_print
                0x000000000000051e                sprintf
 .text          0x0000000000000550      0x15c startup.o
                0x0000000000000550                default_handler
                0x0000000000000550                spin
                0x0000000000000598                ecb_handler
                0x0000000000000598                systick_handler
                0x0000000000000598                timer0_handler
                0x0000000000000598                swi0_handler
                0x0000000000000598                rtc0_handler
                0x0000000000000598                rtc1_handler
                0x0000000000000598                swi4_handler
                0x0000000000000598                timer2_handler
                0x0000000000000598                timer1_handler
                0x0000000000000598                swi5_handler
                0x0000000000000598                svc_handler
                0x0000000000000598                swi1_handler
                0x0000000000000598                qdec_handler
                0x0000000000000598                spi0_twi0_handler
                0x0000000000000598                rng_handler
                0x0000000000000598                temp_handler
                0x0000000000000598                power_clock_handler
                0x0000000000000598                gpiote_handler
                0x0000000000000598                swi2_handler
                0x0000000000000598                ccm_aar_handler
                0x0000000000000598                pendsv_handler
                0x0000000000000598                swi3_handler
                0x0000000000000598                spi1_twi1_handler
                0x0000000000000598                radio_handler
                0x0000000000000598                adc_handler
                0x0000000000000598                hardfault_handler
                0x0000000000000598                uart_handler
                0x0000000000000598                nmi_handler
                0x0000000000000598                lpcomp_handler
                0x0000000000000598                wdt_handler
                0x00000000000005a0                null
                0x00000000000005a0                phos_init
                0x00000000000005a0                phos_start
                0x00000000000005a2                __reset
                0x000000000000061c                set_priority
                0x000000000000067c                enable_irq
                0x000000000000068c                disable_irq
                0x000000000000069c                clear_pending
 .text          0x00000000000006ac      0x114 /usr/lib/gcc/arm-none-eabi/7.1.0/thumb/v6-m/libgcc.a(_udivsi3.o)
                0x00000000000006ac                __udivsi3
                0x00000000000006ac                __aeabi_uidiv
                0x00000000000007b8                __aeabi_uidivmod
 .text          0x00000000000007c0        0x4 /usr/lib/gcc/arm-none-eabi/7.1.0/thumb/v6-m/libgcc.a(_dvmd_tls.o)
                0x00000000000007c0                __aeabi_ldiv0
                0x00000000000007c0                __aeabi_idiv0
 *(.rodata*)
 .rodata        0x00000000000007c4        0x4 main.o
                0x00000000000007c4                mask
 .rodata.str1.4
                0x00000000000007c8       0x6b main.o
                                         0x6f (size before relaxing)
 *fill*         0x0000000000000833        0x1 
 .rodata        0x0000000000000834       0x58 lib.o
 .rodata.str1.4
                0x000000000000088c       0x18 lib.o
                                         0x17 (size before relaxing)
                0x00000000000008a4                . = ALIGN (0x4)
                0x00000000000008a4                __etext = .

.glue_7         0x00000000000008a4        0x0
 .glue_7        0x00000000000008a4        0x0 linker stubs

.glue_7t        0x00000000000008a4        0x0
 .glue_7t       0x00000000000008a4        0x0 linker stubs

.vfp11_veneer   0x00000000000008a4        0x0
 .vfp11_veneer  0x00000000000008a4        0x0 linker stubs

.v4_bx          0x00000000000008a4        0x0
 .v4_bx         0x00000000000008a4        0x0 linker stubs

.iplt           0x00000000000008a4        0x0
 .iplt          0x00000000000008a4        0x0 main.o

.rel.dyn        0x00000000000008a4        0x0
 .rel.iplt      0x00000000000008a4        0x0 main.o

.data           0x0000000020000000        0x0 load address 0x00000000000008a4
                0x0000000020000000                __data_start = .
 *(.data*)
 .data          0x0000000020000000        0x0 division.o
 .data          0x0000000020000000        0x0 main.o
 .data          0x0000000020000000        0x0 lib.o
 .data          0x0000000020000000        0x0 startup.o
 .data          0x0000000020000000        0x0 /usr/lib/gcc/arm-none-eabi/7.1.0/thumb/v6-m/libgcc.a(_udivsi3.o)
 .data          0x0000000020000000        0x0 /usr/lib/gcc/arm-none-eabi/7.1.0/thumb/v6-m/libgcc.a(_dvmd_tls.o)
                0x0000000020000000                . = ALIGN (0x4)
                0x0000000020000000                __data_end = .

.igot.plt       0x0000000020000000        0x0 load address 0x00000000000008a4
 .igot.plt      0x0000000020000000        0x0 main.o

.bss            0x0000000020000000       0x54 load address 0x00000000000008a4
                0x0000000020000000                __bss_start = .
 *(.bss*)
 .bss           0x0000000020000000        0x0 division.o
 .bss           0x0000000020000000        0x4 main.o
 .bss           0x0000000020000004        0x0 lib.o
 .bss           0x0000000020000004        0x0 startup.o
 .bss           0x0000000020000004        0x0 /usr/lib/gcc/arm-none-eabi/7.1.0/thumb/v6-m/libgcc.a(_udivsi3.o)
 .bss           0x0000000020000004        0x0 /usr/lib/gcc/arm-none-eabi/7.1.0/thumb/v6-m/libgcc.a(_dvmd_tls.o)
 *(COMMON)
 COMMON         0x0000000020000004       0x50 main.o
                0x0000000020000004                line_buf
                0x0000000020000054                . = ALIGN (0x4)
                0x0000000020000054                __bss_end = .
                0x0000000020000054                __end = .
                0x0000000020004000                __stack = (ORIGIN (RAM) + LENGTH (RAM))
                0x0000000020003800                __stack_limit = (__stack - 0x800)
                0x0000000000000001                ASSERT ((__stack_limit >= __end), region RAM overlaps with stack)
OUTPUT(division.elf elf32-littlearm)

.ARM.attributes
                0x0000000000000000       0x2d
 .ARM.attributes
                0x0000000000000000       0x21 division.o
 .ARM.attributes
                0x0000000000000021       0x31 main.o
 .ARM.attributes
                0x0000000000000052       0x31 lib.o
 .ARM.attributes
                0x0000000000000083       0x31 startup.o
 .ARM.attributes
                0x00000000000000b4       0x1e /usr/lib/gcc/arm-none-eabi/7.1.0/thumb/v6-m/libgcc.a(_udivsi3.o)
 .ARM.attributes
                0x00000000000000d2       0x1e /usr/lib/gcc/arm-none-eabi/7.1.0/thumb/v6-m/libgcc.a(_dvmd_tls.o)

.comment        0x0000000000000000       0x21
 .comment       0x0000000000000000       0x21 main.o
                                         0x22 (size before relaxing)
 .comment       0x0000000000000021       0x22 lib.o
 .comment       0x0000000000000021       0x22 startup.o

.debug_info     0x0000000000000000      0xcd7
 .debug_info    0x0000000000000000      0x46c main.o
 .debug_info    0x000000000000046c      0x4fd lib.o
 .debug_info    0x0000000000000969      0x1ee startup.o
 .debug_info    0x0000000000000b57       0xc0 /usr/lib/gcc/arm-none-eabi/7.1.0/thumb/v6-m/libgcc.a(_udivsi3.o)
 .debug_info    0x0000000000000c17       0xc0 /usr/lib/gcc/arm-none-eabi/7.1.0/thumb/v6-m/libgcc.a(_dvmd_tls.o)

.debug_abbrev   0x0000000000000000      0x5aa
 .debug_abbrev  0x0000000000000000      0x20c main.o
 .debug_abbrev  0x000000000000020c      0x23e lib.o
 .debug_abbrev  0x000000000000044a      0x138 startup.o
 .debug_abbrev  0x0000000000000582       0x14 /usr/lib/gcc/arm-none-eabi/7.1.0/thumb/v6-m/libgcc.a(_udivsi3.o)
 .debug_abbrev  0x0000000000000596       0x14 /usr/lib/gcc/arm-none-eabi/7.1.0/thumb/v6-m/libgcc.a(_dvmd_tls.o)

.debug_loc      0x0000000000000000      0x795
 .debug_loc     0x0000000000000000      0x1a7 main.o
 .debug_loc     0x00000000000001a7      0x526 lib.o
 .debug_loc     0x00000000000006cd       0xc8 startup.o

.debug_aranges  0x0000000000000000       0xa0
 .debug_aranges
                0x0000000000000000       0x20 main.o
 .debug_aranges
                0x0000000000000020       0x20 lib.o
 .debug_aranges
                0x0000000000000040       0x20 startup.o
 .debug_aranges
                0x0000000000000060       0x20 /usr/lib/gcc/arm-none-eabi/7.1.0/thumb/v6-m/libgcc.a(_udivsi3.o)
 .debug_aranges
                0x0000000000000080       0x20 /usr/lib/gcc/arm-none-eabi/7.1.0/thumb/v6-m/libgcc.a(_dvmd_tls.o)

.debug_ranges   0x0000000000000000       0x78
 .debug_ranges  0x0000000000000000       0x48 main.o
 .debug_ranges  0x0000000000000048       0x30 lib.o

.debug_line     0x0000000000000000      0x388
 .debug_line    0x0000000000000000      0x11c main.o
 .debug_line    0x000000000000011c      0x105 lib.o
 .debug_line    0x0000000000000221       0x8d startup.o
 .debug_line    0x00000000000002ae       0x73 /usr/lib/gcc/arm-none-eabi/7.1.0/thumb/v6-m/libgcc.a(_udivsi3.o)
 .debug_line    0x0000000000000321       0x67 /usr/lib/gcc/arm-none-eabi/7.1.0/thumb/v6-m/libgcc.a(_dvmd_tls.o)

.debug_str      0x0000000000000000      0x217
 .debug_str     0x0000000000000000      0x114 main.o
                                        0x12a (size before relaxing)
 .debug_str     0x0000000000000114       0x53 lib.o
                                         0xf7 (size before relaxing)
 .debug_str     0x0000000000000167       0xb0 startup.o
                                        0x115 (size before relaxing)

.debug_frame    0x0000000000000000      0x2a8
 .debug_frame   0x0000000000000000       0xf0 main.o
 .debug_frame   0x00000000000000f0       0xec lib.o
 .debug_frame   0x00000000000001dc       0xac startup.o
 .debug_frame   0x0000000000000288       0x20 /usr/lib/gcc/arm-none-eabi/7.1.0/thumb/v6-m/libgcc.a(_udivsi3.o)
