Archive member included to satisfy reference by file (symbol)

/usr/lib/gcc/arm-none-eabi/7.1.0/thumb/v6-m/libgcc.a(_udivsi3.o)
                              lib.o (__aeabi_uidiv)
/usr/lib/gcc/arm-none-eabi/7.1.0/thumb/v6-m/libgcc.a(_dvmd_tls.o)
                              /usr/lib/gcc/arm-none-eabi/7.1.0/thumb/v6-m/libgcc.a(_udivsi3.o) (__aeabi_idiv0)

Allocating common symbols
Common symbol       size              file

line_buf            0x50              main.o

Memory Configuration

Name             Origin             Length             Attributes
FLASH            0x0000000000000000 0x0000000000040000 xr
RAM              0x0000000020000000 0x0000000000004000 xrw
*default*        0x0000000000000000 0xffffffffffffffff

Linker script and memory map

LOAD multiplication.o
LOAD main.o
LOAD lib.o
LOAD startup.o
LOAD /usr/lib/gcc/arm-none-eabi/7.1.0/thumb/v6-m/libgcc.a

.text           0x0000000000000000      0x8a8
 *(.vectors)
 .vectors       0x0000000000000000       0xc0 startup.o
                0x0000000000000000                __vectors
 *(.text*)
 .text          0x00000000000000c0       0x12 multiplication.o
                0x00000000000000c0                foo
 *fill*         0x00000000000000d2        0x2 
 .text          0x00000000000000d4      0x260 main.o
                0x00000000000000d4                serial_putc
                0x0000000000000100                serial_init
                0x000000000000018c                serial_getc
                0x00000000000001ac                serial_puts
                0x00000000000001c4                serial_printf
                0x00000000000001e4                accept
                0x0000000000000248                getnum
                0x0000000000000280                set_conf
                0x0000000000000290                play_with_leds
                0x00000000000002cc                init
 .text          0x0000000000000334      0x220 lib.o
                0x0000000000000490                atoi
                0x00000000000004d4                xtou
                0x000000000000050e                do_print
                0x0000000000000522                sprintf
 .text          0x0000000000000554      0x15c startup.o
                0x0000000000000554                default_handler
                0x0000000000000554                spin
                0x000000000000059c                ecb_handler
                0x000000000000059c                systick_handler
                0x000000000000059c                timer0_handler
                0x000000000000059c                swi0_handler
                0x000000000000059c                rtc0_handler
                0x000000000000059c                rtc1_handler
                0x000000000000059c                swi4_handler
                0x000000000000059c                timer2_handler
                0x000000000000059c                timer1_handler
                0x000000000000059c                swi5_handler
                0x000000000000059c                svc_handler
                0x000000000000059c                swi1_handler
                0x000000000000059c                qdec_handler
                0x000000000000059c                spi0_twi0_handler
                0x000000000000059c                rng_handler
                0x000000000000059c                temp_handler
                0x000000000000059c                power_clock_handler
                0x000000000000059c                gpiote_handler
                0x000000000000059c                swi2_handler
                0x000000000000059c                ccm_aar_handler
                0x000000000000059c                pendsv_handler
                0x000000000000059c                swi3_handler
                0x000000000000059c                spi1_twi1_handler
                0x000000000000059c                radio_handler
                0x000000000000059c                adc_handler
                0x000000000000059c                hardfault_handler
                0x000000000000059c                uart_handler
                0x000000000000059c                nmi_handler
                0x000000000000059c                lpcomp_handler
                0x000000000000059c                wdt_handler
                0x00000000000005a4                null
                0x00000000000005a4                phos_init
                0x00000000000005a4                phos_start
                0x00000000000005a6                __reset
                0x0000000000000620                set_priority
                0x0000000000000680                enable_irq
                0x0000000000000690                disable_irq
                0x00000000000006a0                clear_pending
 .text          0x00000000000006b0      0x114 /usr/lib/gcc/arm-none-eabi/7.1.0/thumb/v6-m/libgcc.a(_udivsi3.o)
                0x00000000000006b0                __udivsi3
                0x00000000000006b0                __aeabi_uidiv
                0x00000000000007bc                __aeabi_uidivmod
 .text          0x00000000000007c4        0x4 /usr/lib/gcc/arm-none-eabi/7.1.0/thumb/v6-m/libgcc.a(_dvmd_tls.o)
                0x00000000000007c4                __aeabi_ldiv0
                0x00000000000007c4                __aeabi_idiv0
 *(.rodata*)
 .rodata        0x00000000000007c8        0x4 main.o
                0x00000000000007c8                mask
 .rodata.str1.4
                0x00000000000007cc       0x6b main.o
                                         0x6f (size before relaxing)
 *fill*         0x0000000000000837        0x1 
 .rodata        0x0000000000000838       0x58 lib.o
 .rodata.str1.4
                0x0000000000000890       0x18 lib.o
                                         0x17 (size before relaxing)
                0x00000000000008a8                . = ALIGN (0x4)
                0x00000000000008a8                __etext = .

.glue_7         0x00000000000008a8        0x0
 .glue_7        0x00000000000008a8        0x0 linker stubs

.glue_7t        0x00000000000008a8        0x0
 .glue_7t       0x00000000000008a8        0x0 linker stubs

.vfp11_veneer   0x00000000000008a8        0x0
 .vfp11_veneer  0x00000000000008a8        0x0 linker stubs

.v4_bx          0x00000000000008a8        0x0
 .v4_bx         0x00000000000008a8        0x0 linker stubs

.iplt           0x00000000000008a8        0x0
 .iplt          0x00000000000008a8        0x0 main.o

.rel.dyn        0x00000000000008a8        0x0
 .rel.iplt      0x00000000000008a8        0x0 main.o

.data           0x0000000020000000        0x0 load address 0x00000000000008a8
                0x0000000020000000                __data_start = .
 *(.data*)
 .data          0x0000000020000000        0x0 multiplication.o
 .data          0x0000000020000000        0x0 main.o
 .data          0x0000000020000000        0x0 lib.o
 .data          0x0000000020000000        0x0 startup.o
 .data          0x0000000020000000        0x0 /usr/lib/gcc/arm-none-eabi/7.1.0/thumb/v6-m/libgcc.a(_udivsi3.o)
 .data          0x0000000020000000        0x0 /usr/lib/gcc/arm-none-eabi/7.1.0/thumb/v6-m/libgcc.a(_dvmd_tls.o)
                0x0000000020000000                . = ALIGN (0x4)
                0x0000000020000000                __data_end = .

.igot.plt       0x0000000020000000        0x0 load address 0x00000000000008a8
 .igot.plt      0x0000000020000000        0x0 main.o

.bss            0x0000000020000000       0x54 load address 0x00000000000008a8
                0x0000000020000000                __bss_start = .
 *(.bss*)
 .bss           0x0000000020000000        0x0 multiplication.o
 .bss           0x0000000020000000        0x4 main.o
 .bss           0x0000000020000004        0x0 lib.o
 .bss           0x0000000020000004        0x0 startup.o
 .bss           0x0000000020000004        0x0 /usr/lib/gcc/arm-none-eabi/7.1.0/thumb/v6-m/libgcc.a(_udivsi3.o)
 .bss           0x0000000020000004        0x0 /usr/lib/gcc/arm-none-eabi/7.1.0/thumb/v6-m/libgcc.a(_dvmd_tls.o)
 *(COMMON)
 COMMON         0x0000000020000004       0x50 main.o
                0x0000000020000004                line_buf
                0x0000000020000054                . = ALIGN (0x4)
                0x0000000020000054                __bss_end = .
                0x0000000020000054                __end = .
                0x0000000020004000                __stack = (ORIGIN (RAM) + LENGTH (RAM))
                0x0000000020003800                __stack_limit = (__stack - 0x800)
                0x0000000000000001                ASSERT ((__stack_limit >= __end), region RAM overlaps with stack)
OUTPUT(multiplication.elf elf32-littlearm)

.ARM.attributes
                0x0000000000000000       0x2d
 .ARM.attributes
                0x0000000000000000       0x21 multiplication.o
 .ARM.attributes
                0x0000000000000021       0x31 main.o
 .ARM.attributes
                0x0000000000000052       0x31 lib.o
 .ARM.attributes
                0x0000000000000083       0x31 startup.o
 .ARM.attributes
                0x00000000000000b4       0x1e /usr/lib/gcc/arm-none-eabi/7.1.0/thumb/v6-m/libgcc.a(_udivsi3.o)
 .ARM.attributes
                0x00000000000000d2       0x1e /usr/lib/gcc/arm-none-eabi/7.1.0/thumb/v6-m/libgcc.a(_dvmd_tls.o)

.comment        0x0000000000000000       0x21
 .comment       0x0000000000000000       0x21 main.o
                                         0x22 (size before relaxing)
 .comment       0x0000000000000021       0x22 lib.o
 .comment       0x0000000000000021       0x22 startup.o

.debug_info     0x0000000000000000      0xce0
 .debug_info    0x0000000000000000      0x475 main.o
 .debug_info    0x0000000000000475      0x4fd lib.o
 .debug_info    0x0000000000000972      0x1ee startup.o
 .debug_info    0x0000000000000b60       0xc0 /usr/lib/gcc/arm-none-eabi/7.1.0/thumb/v6-m/libgcc.a(_udivsi3.o)
 .debug_info    0x0000000000000c20       0xc0 /usr/lib/gcc/arm-none-eabi/7.1.0/thumb/v6-m/libgcc.a(_dvmd_tls.o)

.debug_abbrev   0x0000000000000000      0x5a1
 .debug_abbrev  0x0000000000000000      0x203 main.o
 .debug_abbrev  0x0000000000000203      0x23e lib.o
 .debug_abbrev  0x0000000000000441      0x138 startup.o
 .debug_abbrev  0x0000000000000579       0x14 /usr/lib/gcc/arm-none-eabi/7.1.0/thumb/v6-m/libgcc.a(_udivsi3.o)
 .debug_abbrev  0x000000000000058d       0x14 /usr/lib/gcc/arm-none-eabi/7.1.0/thumb/v6-m/libgcc.a(_dvmd_tls.o)

.debug_loc      0x0000000000000000      0x7db
 .debug_loc     0x0000000000000000      0x1ed main.o
 .debug_loc     0x00000000000001ed      0x526 lib.o
 .debug_loc     0x0000000000000713       0xc8 startup.o

.debug_aranges  0x0000000000000000       0xa0
 .debug_aranges
                0x0000000000000000       0x20 main.o
 .debug_aranges
                0x0000000000000020       0x20 lib.o
 .debug_aranges
                0x0000000000000040       0x20 startup.o
 .debug_aranges
                0x0000000000000060       0x20 /usr/lib/gcc/arm-none-eabi/7.1.0/thumb/v6-m/libgcc.a(_udivsi3.o)
 .debug_aranges
                0x0000000000000080       0x20 /usr/lib/gcc/arm-none-eabi/7.1.0/thumb/v6-m/libgcc.a(_dvmd_tls.o)

.debug_ranges   0x0000000000000000       0x60
 .debug_ranges  0x0000000000000000       0x30 main.o
 .debug_ranges  0x0000000000000030       0x30 lib.o

.debug_line     0x0000000000000000      0x390
 .debug_line    0x0000000000000000      0x124 main.o
 .debug_line    0x0000000000000124      0x105 lib.o
 .debug_line    0x0000000000000229       0x8d startup.o
 .debug_line    0x00000000000002b6       0x73 /usr/lib/gcc/arm-none-eabi/7.1.0/thumb/v6-m/libgcc.a(_udivsi3.o)
 .debug_line    0x0000000000000329       0x67 /usr/lib/gcc/arm-none-eabi/7.1.0/thumb/v6-m/libgcc.a(_dvmd_tls.o)

.debug_str      0x0000000000000000      0x217
 .debug_str     0x0000000000000000      0x114 main.o
                                        0x12a (size before relaxing)
 .debug_str     0x0000000000000114       0x53 lib.o
                                         0xf7 (size before relaxing)
 .debug_str     0x0000000000000167       0xb0 startup.o
                                        0x115 (size before relaxing)

.debug_frame    0x0000000000000000      0x2a8
 .debug_frame   0x0000000000000000       0xf0 main.o
 .debug_frame   0x00000000000000f0       0xec lib.o
 .debug_frame   0x00000000000001dc       0xac startup.o
 .debug_frame   0x0000000000000288       0x20 /usr/lib/gcc/arm-none-eabi/7.1.0/thumb/v6-m/libgcc.a(_udivsi3.o)
