Archive member included to satisfy reference by file (symbol)

/usr/lib/gcc/arm-none-eabi/7.1.0/thumb/v6-m/libgcc.a(_udivsi3.o)
                              lib.o (__aeabi_uidiv)
/usr/lib/gcc/arm-none-eabi/7.1.0/thumb/v6-m/libgcc.a(_divsi3.o)
                              primes-intr.o (__aeabi_idivmod)
/usr/lib/gcc/arm-none-eabi/7.1.0/thumb/v6-m/libgcc.a(_dvmd_tls.o)
                              /usr/lib/gcc/arm-none-eabi/7.1.0/thumb/v6-m/libgcc.a(_udivsi3.o) (__aeabi_idiv0)

Memory Configuration

Name             Origin             Length             Attributes
FLASH            0x0000000000000000 0x0000000000040000 xr
RAM              0x0000000020000000 0x0000000000004000 xrw
*default*        0x0000000000000000 0xffffffffffffffff

Linker script and memory map

LOAD primes-intr.o
LOAD lib.o
LOAD startup.o
LOAD /usr/lib/gcc/arm-none-eabi/7.1.0/thumb/v6-m/libgcc.a

.text           0x0000000000000000      0xc84
 *(.vectors)
 .vectors       0x0000000000000000       0xc0 startup.o
                0x0000000000000000                __vectors
 *(.text*)
 .text          0x00000000000000c0      0x4ac primes-intr.o
                0x00000000000000c0                serial_putc
                0x0000000000000128                serial_init
                0x00000000000001d8                uart_handler
                0x0000000000000224                buttonA
                0x0000000000000234                buttonB
                0x0000000000000244                get_conf
                0x000000000000024c                get_image
                0x00000000000002cc                init_timer
                0x0000000000000334                new_milli
                0x0000000000000444                timer1_handler
                0x0000000000000460                serial_printf
                0x0000000000000480                modulo
                0x000000000000048c                prime
                0x00000000000004b8                start_timer
                0x00000000000004e8                stop_timer
                0x00000000000004f4                init
 .text          0x000000000000056c      0x220 lib.o
                0x00000000000006c8                atoi
                0x000000000000070c                xtou
                0x0000000000000746                do_print
                0x000000000000075a                sprintf
 .text          0x000000000000078c      0x15c startup.o
                0x000000000000078c                default_handler
                0x000000000000078c                spin
                0x00000000000007d4                ecb_handler
                0x00000000000007d4                systick_handler
                0x00000000000007d4                timer0_handler
                0x00000000000007d4                swi0_handler
                0x00000000000007d4                rtc0_handler
                0x00000000000007d4                rtc1_handler
                0x00000000000007d4                swi4_handler
                0x00000000000007d4                timer2_handler
                0x00000000000007d4                swi5_handler
                0x00000000000007d4                svc_handler
                0x00000000000007d4                swi1_handler
                0x00000000000007d4                qdec_handler
                0x00000000000007d4                spi0_twi0_handler
                0x00000000000007d4                rng_handler
                0x00000000000007d4                temp_handler
                0x00000000000007d4                power_clock_handler
                0x00000000000007d4                gpiote_handler
                0x00000000000007d4                swi2_handler
                0x00000000000007d4                ccm_aar_handler
                0x00000000000007d4                pendsv_handler
                0x00000000000007d4                swi3_handler
                0x00000000000007d4                spi1_twi1_handler
                0x00000000000007d4                radio_handler
                0x00000000000007d4                adc_handler
                0x00000000000007d4                hardfault_handler
                0x00000000000007d4                nmi_handler
                0x00000000000007d4                lpcomp_handler
                0x00000000000007d4                wdt_handler
                0x00000000000007dc                null
                0x00000000000007dc                phos_init
                0x00000000000007dc                phos_start
                0x00000000000007de                __reset
                0x0000000000000858                set_priority
                0x00000000000008b8                enable_irq
                0x00000000000008c8                disable_irq
                0x00000000000008d8                clear_pending
 .text          0x00000000000008e8      0x114 /usr/lib/gcc/arm-none-eabi/7.1.0/thumb/v6-m/libgcc.a(_udivsi3.o)
                0x00000000000008e8                __udivsi3
                0x00000000000008e8                __aeabi_uidiv
                0x00000000000009f4                __aeabi_uidivmod
 .text          0x00000000000009fc      0x1d4 /usr/lib/gcc/arm-none-eabi/7.1.0/thumb/v6-m/libgcc.a(_divsi3.o)
                0x00000000000009fc                __aeabi_idiv
                0x00000000000009fc                __divsi3
                0x0000000000000bc8                __aeabi_idivmod
 .text          0x0000000000000bd0        0x4 /usr/lib/gcc/arm-none-eabi/7.1.0/thumb/v6-m/libgcc.a(_dvmd_tls.o)
                0x0000000000000bd0                __aeabi_ldiv0
                0x0000000000000bd0                __aeabi_idiv0
 *(.rodata*)
 .rodata.str1.4
                0x0000000000000bd4       0x40 primes-intr.o
 .rodata        0x0000000000000c14       0x58 lib.o
 .rodata.str1.4
                0x0000000000000c6c       0x18 lib.o
                                         0x17 (size before relaxing)
                0x0000000000000c84                . = ALIGN (0x4)
                0x0000000000000c84                __etext = .

.glue_7         0x0000000000000c84        0x0
 .glue_7        0x0000000000000c84        0x0 linker stubs

.glue_7t        0x0000000000000c84        0x0
 .glue_7t       0x0000000000000c84        0x0 linker stubs

.vfp11_veneer   0x0000000000000c84        0x0
 .vfp11_veneer  0x0000000000000c84        0x0 linker stubs

.v4_bx          0x0000000000000c84        0x0
 .v4_bx         0x0000000000000c84        0x0 linker stubs

.iplt           0x0000000000000c84        0x0
 .iplt          0x0000000000000c84        0x0 primes-intr.o

.rel.dyn        0x0000000000000c84        0x0
 .rel.iplt      0x0000000000000c84        0x0 primes-intr.o

.data           0x0000000020000000       0xe4 load address 0x0000000000000c84
                0x0000000020000000                __data_start = .
 *(.data*)
 .data          0x0000000020000000       0xe1 primes-intr.o
                0x0000000020000000                def_row
                0x0000000020000064                def_column
                0x00000000200000c8                image
 .data          0x00000000200000e1        0x0 lib.o
 .data          0x00000000200000e1        0x0 startup.o
 .data          0x00000000200000e1        0x0 /usr/lib/gcc/arm-none-eabi/7.1.0/thumb/v6-m/libgcc.a(_udivsi3.o)
 .data          0x00000000200000e1        0x0 /usr/lib/gcc/arm-none-eabi/7.1.0/thumb/v6-m/libgcc.a(_divsi3.o)
 .data          0x00000000200000e1        0x0 /usr/lib/gcc/arm-none-eabi/7.1.0/thumb/v6-m/libgcc.a(_dvmd_tls.o)
                0x00000000200000e4                . = ALIGN (0x4)
 *fill*         0x00000000200000e1        0x3 
                0x00000000200000e4                __data_end = .

.igot.plt       0x00000000200000e4        0x0 load address 0x0000000000000d68
 .igot.plt      0x00000000200000e4        0x0 primes-intr.o

.bss            0x00000000200000e4     0x2028 load address 0x0000000000000d68
                0x00000000200000e4                __bss_start = .
 *(.bss*)
 .bss           0x00000000200000e4     0x2028 primes-intr.o
                0x00000000200000f0                max_buffer_size
                0x00000000200000f8                millis
                0x00000000200000fc                pos
                0x0000000020000100                ready
                0x0000000020000104                row
                0x0000000020000108                blink
 .bss           0x000000002000210c        0x0 lib.o
 .bss           0x000000002000210c        0x0 startup.o
 .bss           0x000000002000210c        0x0 /usr/lib/gcc/arm-none-eabi/7.1.0/thumb/v6-m/libgcc.a(_udivsi3.o)
 .bss           0x000000002000210c        0x0 /usr/lib/gcc/arm-none-eabi/7.1.0/thumb/v6-m/libgcc.a(_divsi3.o)
 .bss           0x000000002000210c        0x0 /usr/lib/gcc/arm-none-eabi/7.1.0/thumb/v6-m/libgcc.a(_dvmd_tls.o)
 *(COMMON)
                0x000000002000210c                . = ALIGN (0x4)
                0x000000002000210c                __bss_end = .
                0x000000002000210c                __end = .
                0x0000000020004000                __stack = (ORIGIN (RAM) + LENGTH (RAM))
                0x0000000020003800                __stack_limit = (__stack - 0x800)
                0x0000000000000001                ASSERT ((__stack_limit >= __end), region RAM overlaps with stack)
OUTPUT(primes-intr.elf elf32-littlearm)

.debug_info     0x0000000000000000      0xf5d
 .debug_info    0x0000000000000000      0x632 primes-intr.o
 .debug_info    0x0000000000000632      0x4fd lib.o
 .debug_info    0x0000000000000b2f      0x1ee startup.o
 .debug_info    0x0000000000000d1d       0xc0 /usr/lib/gcc/arm-none-eabi/7.1.0/thumb/v6-m/libgcc.a(_udivsi3.o)
 .debug_info    0x0000000000000ddd       0xc0 /usr/lib/gcc/arm-none-eabi/7.1.0/thumb/v6-m/libgcc.a(_divsi3.o)
 .debug_info    0x0000000000000e9d       0xc0 /usr/lib/gcc/arm-none-eabi/7.1.0/thumb/v6-m/libgcc.a(_dvmd_tls.o)

.debug_abbrev   0x0000000000000000      0x6b0
 .debug_abbrev  0x0000000000000000      0x2fe primes-intr.o
 .debug_abbrev  0x00000000000002fe      0x23e lib.o
 .debug_abbrev  0x000000000000053c      0x138 startup.o
 .debug_abbrev  0x0000000000000674       0x14 /usr/lib/gcc/arm-none-eabi/7.1.0/thumb/v6-m/libgcc.a(_udivsi3.o)
 .debug_abbrev  0x0000000000000688       0x14 /usr/lib/gcc/arm-none-eabi/7.1.0/thumb/v6-m/libgcc.a(_divsi3.o)
 .debug_abbrev  0x000000000000069c       0x14 /usr/lib/gcc/arm-none-eabi/7.1.0/thumb/v6-m/libgcc.a(_dvmd_tls.o)

.debug_loc      0x0000000000000000      0x79f
 .debug_loc     0x0000000000000000      0x1b1 primes-intr.o
 .debug_loc     0x00000000000001b1      0x526 lib.o
 .debug_loc     0x00000000000006d7       0xc8 startup.o

.debug_aranges  0x0000000000000000       0xc0
 .debug_aranges
                0x0000000000000000       0x20 primes-intr.o
 .debug_aranges
                0x0000000000000020       0x20 lib.o
 .debug_aranges
                0x0000000000000040       0x20 startup.o
 .debug_aranges
                0x0000000000000060       0x20 /usr/lib/gcc/arm-none-eabi/7.1.0/thumb/v6-m/libgcc.a(_udivsi3.o)
 .debug_aranges
                0x0000000000000080       0x20 /usr/lib/gcc/arm-none-eabi/7.1.0/thumb/v6-m/libgcc.a(_divsi3.o)
 .debug_aranges
                0x00000000000000a0       0x20 /usr/lib/gcc/arm-none-eabi/7.1.0/thumb/v6-m/libgcc.a(_dvmd_tls.o)

.debug_ranges   0x0000000000000000       0x60
 .debug_ranges  0x0000000000000000       0x30 primes-intr.o
 .debug_ranges  0x0000000000000030       0x30 lib.o

.debug_line     0x0000000000000000      0x49e
 .debug_line    0x0000000000000000      0x1b8 primes-intr.o
 .debug_line    0x00000000000001b8      0x105 lib.o
 .debug_line    0x00000000000002bd       0x8d startup.o
 .debug_line    0x000000000000034a       0x73 /usr/lib/gcc/arm-none-eabi/7.1.0/thumb/v6-m/libgcc.a(_udivsi3.o)
 .debug_line    0x00000000000003bd       0x7a /usr/lib/gcc/arm-none-eabi/7.1.0/thumb/v6-m/libgcc.a(_divsi3.o)
 .debug_line    0x0000000000000437       0x67 /usr/lib/gcc/arm-none-eabi/7.1.0/thumb/v6-m/libgcc.a(_dvmd_tls.o)

.debug_str      0x0000000000000000      0x2a0
 .debug_str     0x0000000000000000      0x1b3 primes-intr.o
                                        0x1cf (size before relaxing)
 .debug_str     0x00000000000001b3       0x5d lib.o
                                         0xfa (size before relaxing)
 .debug_str     0x0000000000000210       0x90 startup.o
                                        0x118 (size before relaxing)

.comment        0x0000000000000000       0x21
 .comment       0x0000000000000000       0x21 primes-intr.o
                                         0x22 (size before relaxing)
 .comment       0x0000000000000021       0x22 lib.o
 .comment       0x0000000000000021       0x22 startup.o

.ARM.attributes
                0x0000000000000000       0x31
 .ARM.attributes
                0x0000000000000000       0x31 primes-intr.o
 .ARM.attributes
                0x0000000000000031       0x31 lib.o
 .ARM.attributes
                0x0000000000000062       0x31 startup.o
 .ARM.attributes
                0x0000000000000093       0x1e /usr/lib/gcc/arm-none-eabi/7.1.0/thumb/v6-m/libgcc.a(_udivsi3.o)
 .ARM.attributes
                0x00000000000000b1       0x1e /usr/lib/gcc/arm-none-eabi/7.1.0/thumb/v6-m/libgcc.a(_divsi3.o)
 .ARM.attributes
                0x00000000000000cf       0x1e /usr/lib/gcc/arm-none-eabi/7.1.0/thumb/v6-m/libgcc.a(_dvmd_tls.o)

.debug_frame    0x0000000000000000      0x33c
 .debug_frame   0x0000000000000000      0x164 primes-intr.o
 .debug_frame   0x0000000000000164       0xec lib.o
 .debug_frame   0x0000000000000250       0xac startup.o
 .debug_frame   0x00000000000002fc       0x20 /usr/lib/gcc/arm-none-eabi/7.1.0/thumb/v6-m/libgcc.a(_udivsi3.o)
 .debug_frame   0x000000000000031c       0x20 /usr/lib/gcc/arm-none-eabi/7.1.0/thumb/v6-m/libgcc.a(_divsi3.o)
